corpus 0 256 186 275 69.76
corpus 1 256 177 305 62.33
corpus 2 256 175 314 60.98
corpus 3 256 195 239 80.43
corpus 4 256 189 262 73.11
corpus 5 256 173 326 59.29
corpus 6 256 170 336 57.1
corpus 7 256 191 256 75.73
corpus 8 256 186 274 70.24
corpus 9 1 0 0 1000000.0
corpus 10 256 197 230 83.13
corpus 11 256 159 379 50.82
corpus 12 256 180 294 64.87
corpus 13 256 186 272 70.46
corpus 14 256 175 317 60.4
corpus 15 256 188 264 72.34
chat 0 256 143 442 44.24
chat 1 256 162 368 53.2
chat 2 256 169 340 56.81
chat 3 256 168 344 56.85
chat 4 256 153 408 48.57
chat 5 256 165 356 51.08
chat 6 256 160 375 48.34
chat 7 256 167 349 52.05
chat 8 256 149 423 43.39
chat 9 221 147 296 53.56
chat 10 256 194 241 80.37
chat 11 256 162 371 49.67
chat 12 256 165 359 54.47
heldout 0 256 140 453 40.18
heldout 1 256 171 330 54.72
heldout 2 256 153 404 45.04
heldout 3 256 163 364 49.86
heldout 4 256 168 346 52.65
heldout 5 256 151 414 44.18
heldout 6 256 180 300 61.07
heldout 7 256 156 394 46.47
POOL corpus {"tps": 66.271, "tok_step": 3.4479, "accept": 0.6279, "n": 3841, "ms_step": 52.028}
POOL chat {"tps": 52.13, "tok_step": 2.7696, "accept": 0.4503, "n": 3293, "ms_step": 53.128}
POOL heldout {"tps": 48.502, "tok_step": 2.6736, "accept": 0.4266, "n": 2048, "ms_step": 55.124}
POOL pooled {"tps": 56.209, "tok_step": 2.9919, "accept": 0.5086, "n": 9182, "ms_step": 53.227}
