WARNING: radv is not a conformant Vulkan implementation, testing use only.
WARNING: radv is not a conformant Vulkan implementation, testing use only.
ggml_vulkan: Found 2 Vulkan devices:
ggml_vulkan: 0 = AMD Radeon RX 9060 XT (RADV GFX1200) (radv) | arch: RDNA4 | uma: 0 | fp16: 1 | bf16: 1 | fp4: 0 | warp size: 64 | shared memory: 65536 | int dot: 1 | matrix cores: KHR_coopmat
ggml_vulkan: 1 = AMD Radeon AI PRO R9700 (RADV GFX1201) (radv) | arch: RDNA4 | uma: 0 | fp16: 1 | bf16: 1 | fp4: 0 | warp size: 64 | shared memory: 65536 | int dot: 1 | matrix cores: KHR_coopmat
----------------
Vulkan Timings:
ADD: 48 x 5.179 us = 248.6 us
ADD_RMS_NORM_MUL ADD: 128 x 48.792 us = 6245.4 us
CONCAT: 48 x 46.361 us = 2225.36 us
CONT: 16 x 46.195 us = 739.12 us
CPY: 96 x 7.638 us = 733.32 us
FLASH_ATTN_EXT dst(256,24,512,1),  q(256,512,24,1),  k(256,512,4,1),  v(256,512,4,1),  m(512,512,1,1): 16 x 194.28 us = 3108.48 us (33160.6 GFLOPS/s)
GATED_DELTA_NET: 48 x 313.505 us = 15048.2 us
GET_ROWS: 97 x 7.446 us = 722.28 us
MUL_MAT f32 m=48 n=512 k=5120: 96 x 97.558 us = 9365.66 us (2579.3 GFLOPS/s)
MUL_MAT q6_K m=1024 n=512 k=5120: 32 x 83.048 us = 2657.56 us (64639 GFLOPS/s)
MUL_MAT q6_K m=10240 n=512 k=5120: 48 x 692.339 us = 33232.3 us (77536.9 GFLOPS/s)
MUL_MAT q6_K m=12288 n=512 k=5120: 16 x 698.655 us = 11178.5 us (92203.2 GFLOPS/s)
MUL_MAT q6_K m=5120 n=512 k=17408: 64 x 1056.05 us = 67586.9 us (86421.9 GFLOPS/s)
MUL_MAT q6_K m=5120 n=512 k=6144: 16 x 385.752 us = 6172.04 us (83498.2 GFLOPS/s)
MUL_MAT q6_K m=6144 n=512 k=5120: 48 x 348.246 us = 16715.8 us (92489.3 GFLOPS/s)
MUL_MAT q8_0 m=5120 n=512 k=6144: 48 x 413.853 us = 19865 us (77828.6 GFLOPS/s)
MUL_MAT_VEC q6_K m=248320 n=1 k=5120: 1 x 1676.56 us = 1676.56 us (1516.53 GFLOPS/s)
Q6K_MUL_MAT_MUL_MAT_SWIGLU MUL_MAT q6_K m=17408 n=512 k=5120: 64 x 1877.8 us = 120179 us (48598.9 GFLOPS/s)
RMS_NORM_MUL RMS_NORM(256,24,512,1): 16 x 77.615 us = 1241.84 us
RMS_NORM_MUL RMS_NORM(256,4,512,1): 16 x 16.867 us = 269.88 us
RMS_NORM_MUL RMS_NORM(5120,512,1,1): 1 x 358.24 us = 358.24 us
RMS_NORM_MUL_SILU_MUL RMS_NORM(128,48,512,1): 48 x 48.101 us = 2308.88 us
RMS_NORM_SCALE RMS_NORM(128,16,512,1): 96 x 12.333 us = 1184 us
ROPE: 16 x 42.16 us = 674.56 us
ROPE_VIEW_SET_ROWS ROPE: 16 x 12.677 us = 202.84 us
SCALE: 96 x 8.892 us = 853.68 us
SET_ROWS: 16 x 12.822 us = 205.16 us
SIGMOID: 48 x 5.386 us = 258.56 us
SIGMOID_MUL SIGMOID: 16 x 48.652 us = 778.44 us
SOFTPLUS_MUL SOFTPLUS: 48 x 6.675 us = 320.4 us
SSM_CONV_SILU SSM_CONV: 48 x 55.379 us = 2658.2 us
Total time: 329015 us.
----------------
Vulkan Timings:
ADD: 48 x 5.385 us = 258.52 us
ADD_RMS_NORM_MUL ADD: 128 x 48.528 us = 6211.68 us
CONCAT: 48 x 40.717 us = 1954.44 us
CONT: 16 x 47.395 us = 758.32 us
CPY: 96 x 7.604 us = 730 us
FLASH_ATTN_EXT dst(256,24,512,1),  q(256,512,24,1),  k(256,512,4,1),  v(256,512,4,1),  m(512,512,1,1): 16 x 197.98 us = 3167.68 us (32540.9 GFLOPS/s)
GATED_DELTA_NET: 48 x 312.62 us = 15005.8 us
GET_ROWS: 97 x 7.428 us = 720.6 us
MUL_MAT f32 m=48 n=512 k=5120: 96 x 33.154 us = 3182.84 us (7589.71 GFLOPS/s)
MUL_MAT q6_K m=1024 n=512 k=5120: 32 x 83.86 us = 2683.52 us (64013.7 GFLOPS/s)
MUL_MAT q6_K m=10240 n=512 k=5120: 48 x 584.112 us = 28037.4 us (91903.3 GFLOPS/s)
MUL_MAT q6_K m=12288 n=512 k=5120: 16 x 698.67 us = 11178.7 us (92201.2 GFLOPS/s)
MUL_MAT q6_K m=5120 n=512 k=17408: 64 x 1046.02 us = 66945.4 us (87250.1 GFLOPS/s)
MUL_MAT q6_K m=5120 n=512 k=6144: 16 x 386.11 us = 6177.76 us (83420.9 GFLOPS/s)
MUL_MAT q6_K m=6144 n=512 k=5120: 48 x 345.068 us = 16563.3 us (93341.2 GFLOPS/s)
MUL_MAT q8_0 m=5120 n=512 k=6144: 48 x 379.147 us = 18199.1 us (84952.8 GFLOPS/s)
MUL_MAT_VEC q6_K m=248320 n=1 k=5120: 1 x 1678.64 us = 1678.64 us (1514.65 GFLOPS/s)
Q6K_MUL_MAT_MUL_MAT_SWIGLU MUL_MAT q6_K m=17408 n=512 k=5120: 64 x 1882.71 us = 120493 us (48472.2 GFLOPS/s)
RMS_NORM_MUL RMS_NORM(256,24,512,1): 16 x 79.055 us = 1264.88 us
RMS_NORM_MUL RMS_NORM(256,4,512,1): 16 x 17.245 us = 275.92 us
RMS_NORM_MUL RMS_NORM(5120,512,1,1): 1 x 21.52 us = 21.52 us
RMS_NORM_MUL_SILU_MUL RMS_NORM(128,48,512,1): 48 x 48.022 us = 2305.08 us
RMS_NORM_SCALE RMS_NORM(128,16,512,1): 96 x 12.373 us = 1187.84 us
ROPE: 16 x 42.877 us = 686.04 us
ROPE_VIEW_SET_ROWS ROPE: 16 x 12.837 us = 205.4 us
SCALE: 96 x 8.677 us = 833.08 us
SET_ROWS: 16 x 13.08 us = 209.28 us
SIGMOID: 48 x 5.604 us = 269 us
SIGMOID_MUL SIGMOID: 16 x 49.702 us = 795.24 us
SOFTPLUS_MUL SOFTPLUS: 48 x 6.966 us = 334.4 us
SSM_CONV_SILU SSM_CONV: 48 x 54.185 us = 2600.88 us
Total time: 314936 us.
----------------
Vulkan Timings:
ADD: 48 x 5.405 us = 259.48 us
ADD_RMS_NORM_MUL ADD: 128 x 48.463 us = 6203.32 us
CONCAT: 48 x 40.634 us = 1950.44 us
CONT: 16 x 47.222 us = 755.56 us
CPY: 96 x 7.608 us = 730.4 us
FLASH_ATTN_EXT dst(256,24,512,1),  q(256,512,24,1),  k(256,512,4,1),  v(256,512,4,1),  m(512,512,1,1): 16 x 197.97 us = 3167.52 us (32542.6 GFLOPS/s)
GATED_DELTA_NET: 48 x 311.778 us = 14965.4 us
GET_ROWS: 97 x 7.428 us = 720.56 us
MUL_MAT f32 m=48 n=512 k=5120: 96 x 33.077 us = 3175.44 us (7607.4 GFLOPS/s)
MUL_MAT q6_K m=1024 n=512 k=5120: 32 x 83.922 us = 2685.52 us (63966 GFLOPS/s)
MUL_MAT q6_K m=10240 n=512 k=5120: 48 x 585.424 us = 28100.4 us (91697.4 GFLOPS/s)
MUL_MAT q6_K m=12288 n=512 k=5120: 16 x 700.962 us = 11215.4 us (91899.7 GFLOPS/s)
MUL_MAT q6_K m=5120 n=512 k=17408: 64 x 1047.02 us = 67009.4 us (87166.7 GFLOPS/s)
MUL_MAT q6_K m=5120 n=512 k=6144: 16 x 386.202 us = 6179.24 us (83400.9 GFLOPS/s)
MUL_MAT q6_K m=6144 n=512 k=5120: 48 x 346.507 us = 16632.4 us (92953.6 GFLOPS/s)
MUL_MAT q8_0 m=5120 n=512 k=6144: 48 x 378.485 us = 18167.3 us (85101.5 GFLOPS/s)
MUL_MAT_VEC q6_K m=248320 n=1 k=5120: 1 x 1679.2 us = 1679.2 us (1514.14 GFLOPS/s)
Q6K_MUL_MAT_MUL_MAT_SWIGLU MUL_MAT q6_K m=17408 n=512 k=5120: 64 x 1889.47 us = 120926 us (48298.7 GFLOPS/s)
RMS_NORM_MUL RMS_NORM(256,24,512,1): 16 x 79.1 us = 1265.6 us
RMS_NORM_MUL RMS_NORM(256,4,512,1): 16 x 17.192 us = 275.08 us
RMS_NORM_MUL RMS_NORM(5120,512,1,1): 1 x 21.96 us = 21.96 us
RMS_NORM_MUL_SILU_MUL RMS_NORM(128,48,512,1): 48 x 48.061 us = 2306.96 us
RMS_NORM_SCALE RMS_NORM(128,16,512,1): 96 x 12.355 us = 1186.08 us
ROPE: 16 x 42.89 us = 686.24 us
ROPE_VIEW_SET_ROWS ROPE: 16 x 12.815 us = 205.04 us
SCALE: 96 x 8.645 us = 830 us
SET_ROWS: 16 x 13.08 us = 209.28 us
SIGMOID: 48 x 5.63 us = 270.24 us
SIGMOID_MUL SIGMOID: 16 x 49.632 us = 794.12 us
SOFTPLUS_MUL SOFTPLUS: 48 x 6.957 us = 333.96 us
SSM_CONV_SILU SSM_CONV: 48 x 54.228 us = 2602.96 us
Total time: 315511 us.
----------------
Vulkan Timings:
ADD: 48 x 5.412 us = 259.8 us
ADD_RMS_NORM_MUL ADD: 128 x 48.532 us = 6212.16 us
CONCAT: 48 x 40.671 us = 1952.24 us
CONT: 16 x 47.44 us = 759.04 us
CPY: 96 x 7.598 us = 729.48 us
FLASH_ATTN_EXT dst(256,24,512,1),  q(256,512,24,1),  k(256,512,4,1),  v(256,512,4,1),  m(512,512,1,1): 16 x 199.647 us = 3194.36 us (32269.1 GFLOPS/s)
GATED_DELTA_NET: 48 x 312.523 us = 15001.1 us
GET_ROWS: 97 x 7.421 us = 719.92 us
MUL_MAT f32 m=48 n=512 k=5120: 96 x 33.124 us = 3179.96 us (7596.58 GFLOPS/s)
MUL_MAT q6_K m=1024 n=512 k=5120: 32 x 83.6 us = 2675.2 us (64212.7 GFLOPS/s)
MUL_MAT q6_K m=10240 n=512 k=5120: 48 x 584.783 us = 28069.6 us (91797.8 GFLOPS/s)
MUL_MAT q6_K m=12288 n=512 k=5120: 16 x 704.405 us = 11270.5 us (91450.5 GFLOPS/s)
MUL_MAT q6_K m=5120 n=512 k=17408: 64 x 1048.31 us = 67091.5 us (87060 GFLOPS/s)
MUL_MAT q6_K m=5120 n=512 k=6144: 16 x 388.662 us = 6218.6 us (82873 GFLOPS/s)
MUL_MAT q6_K m=6144 n=512 k=5120: 48 x 346.782 us = 16645.6 us (92879.9 GFLOPS/s)
MUL_MAT q8_0 m=5120 n=512 k=6144: 48 x 378.812 us = 18183 us (85027.9 GFLOPS/s)
MUL_MAT_VEC q6_K m=248320 n=1 k=5120: 1 x 1680.56 us = 1680.56 us (1512.92 GFLOPS/s)
Q6K_MUL_MAT_MUL_MAT_SWIGLU MUL_MAT q6_K m=17408 n=512 k=5120: 64 x 1891.57 us = 121061 us (48245.2 GFLOPS/s)
RMS_NORM_MUL RMS_NORM(256,24,512,1): 16 x 79.102 us = 1265.64 us
RMS_NORM_MUL RMS_NORM(256,4,512,1): 16 x 17.217 us = 275.48 us
RMS_NORM_MUL RMS_NORM(5120,512,1,1): 1 x 21.88 us = 21.88 us
RMS_NORM_MUL_SILU_MUL RMS_NORM(128,48,512,1): 48 x 48.034 us = 2305.64 us
RMS_NORM_SCALE RMS_NORM(128,16,512,1): 96 x 12.356 us = 1186.2 us
ROPE: 16 x 42.962 us = 687.4 us
ROPE_VIEW_SET_ROWS ROPE: 16 x 12.882 us = 206.12 us
SCALE: 96 x 8.647 us = 830.2 us
SET_ROWS: 16 x 13.072 us = 209.16 us
SIGMOID: 48 x 5.722 us = 274.68 us
SIGMOID_MUL SIGMOID: 16 x 49.792 us = 796.68 us
SOFTPLUS_MUL SOFTPLUS: 48 x 6.963 us = 334.24 us
SSM_CONV_SILU SSM_CONV: 48 x 54.119 us = 2597.72 us
Total time: 315894 us.
gpu_lock: CLEAN maxload=0.81 vram<=20.06GiB gtt<=0.99GiB
