WARNING: radv is not a conformant Vulkan implementation, testing use only.
WARNING: radv is not a conformant Vulkan implementation, testing use only.
ggml_vulkan: Found 2 Vulkan devices:
ggml_vulkan: 0 = AMD Radeon RX 9060 XT (RADV GFX1200) (radv) | arch: RDNA4 | uma: 0 | fp16: 1 | bf16: 1 | fp4: 0 | warp size: 64 | shared memory: 65536 | int dot: 1 | matrix cores: KHR_coopmat
ggml_vulkan: 1 = AMD Radeon AI PRO R9700 (RADV GFX1201) (radv) | arch: RDNA4 | uma: 0 | fp16: 1 | bf16: 1 | fp4: 0 | warp size: 64 | shared memory: 65536 | int dot: 1 | matrix cores: KHR_coopmat
----------------
Vulkan Timings:
ADD: 48 x 5.284 us = 253.64 us
ADD_RMS_NORM_MUL ADD: 128 x 48.634 us = 6225.2 us
CONCAT: 48 x 50.192 us = 2409.24 us
CONT: 16 x 45.94 us = 735.04 us
CPY: 96 x 7.577 us = 727.4 us
FLASH_ATTN_EXT dst(256,24,512,1),  q(256,512,24,1),  k(256,512,4,1),  v(256,512,4,1),  m(512,512,1,1): 16 x 192.225 us = 3075.6 us (33515.2 GFLOPS/s)
GATED_DELTA_NET: 48 x 311.785 us = 14965.7 us
GET_ROWS: 97 x 7.521 us = 729.56 us
MUL_MAT f32 m=48 n=512 k=5120: 96 x 80.794 us = 7756.28 us (3114.49 GFLOPS/s)
MUL_MAT q6_K m=1024 n=512 k=5120: 32 x 82.397 us = 2636.72 us (65149.9 GFLOPS/s)
MUL_MAT q6_K m=10240 n=512 k=5120: 48 x 654.145 us = 31399 us (82064.1 GFLOPS/s)
MUL_MAT q6_K m=12288 n=512 k=5120: 16 x 687.907 us = 11006.5 us (93643.7 GFLOPS/s)
MUL_MAT q6_K m=5120 n=512 k=17408: 64 x 1039.3 us = 66515.3 us (87814.2 GFLOPS/s)
MUL_MAT q6_K m=5120 n=512 k=6144: 16 x 382.025 us = 6112.4 us (84312.9 GFLOPS/s)
MUL_MAT q6_K m=6144 n=512 k=5120: 48 x 345.389 us = 16578.7 us (93254.5 GFLOPS/s)
MUL_MAT q8_0 m=5120 n=512 k=6144: 48 x 408.309 us = 19598.8 us (78885.4 GFLOPS/s)
MUL_MAT_VEC q6_K m=248320 n=1 k=5120: 1 x 1679.04 us = 1679.04 us (1514.29 GFLOPS/s)
Q6K_MUL_MAT_MUL_MAT_SWIGLU MUL_MAT q6_K m=17408 n=512 k=5120: 64 x 1851.83 us = 118517 us (49280.4 GFLOPS/s)
RMS_NORM_MUL RMS_NORM(256,24,512,1): 16 x 76.98 us = 1231.68 us
RMS_NORM_MUL RMS_NORM(256,4,512,1): 16 x 16.762 us = 268.2 us
RMS_NORM_MUL RMS_NORM(5120,512,1,1): 1 x 143.64 us = 143.64 us
RMS_NORM_MUL_SILU_MUL RMS_NORM(128,48,512,1): 48 x 47.919 us = 2300.12 us
RMS_NORM_SCALE RMS_NORM(128,16,512,1): 96 x 12.27 us = 1177.92 us
ROPE: 16 x 41.995 us = 671.92 us
ROPE_VIEW_SET_ROWS ROPE: 16 x 12.587 us = 201.4 us
SCALE: 96 x 9.531 us = 915 us
SET_ROWS: 16 x 12.697 us = 203.16 us
SIGMOID: 48 x 5.432 us = 260.76 us
SIGMOID_MUL SIGMOID: 16 x 48.292 us = 772.68 us
SOFTPLUS_MUL SOFTPLUS: 48 x 6.542 us = 314.04 us
SSM_CONV_SILU SSM_CONV: 48 x 54.742 us = 2627.64 us
Total time: 322010 us.
----------------
Vulkan Timings:
ADD: 48 x 5.292 us = 254.04 us
ADD_RMS_NORM_MUL ADD: 128 x 48.538 us = 6212.88 us
CONCAT: 48 x 41.535 us = 1993.72 us
CONT: 16 x 44.427 us = 710.84 us
CPY: 96 x 7.644 us = 733.84 us
FLASH_ATTN_EXT dst(256,24,512,1),  q(256,512,24,1),  k(256,512,4,1),  v(256,512,4,1),  m(512,512,1,1): 16 x 186.237 us = 2979.8 us (34592.7 GFLOPS/s)
GATED_DELTA_NET: 48 x 312.21 us = 14986.1 us
GET_ROWS: 97 x 7.39 us = 716.88 us
MUL_MAT f32 m=48 n=512 k=5120: 96 x 33.508 us = 3216.84 us (7509.49 GFLOPS/s)
MUL_MAT q6_K m=1024 n=512 k=5120: 32 x 80.493 us = 2575.8 us (66690.7 GFLOPS/s)
MUL_MAT q6_K m=10240 n=512 k=5120: 48 x 597.616 us = 28685.6 us (89826.6 GFLOPS/s)
MUL_MAT q6_K m=12288 n=512 k=5120: 16 x 675.112 us = 10801.8 us (95418.5 GFLOPS/s)
MUL_MAT q6_K m=5120 n=512 k=17408: 64 x 1016.52 us = 65057.3 us (89782.2 GFLOPS/s)
MUL_MAT q6_K m=5120 n=512 k=6144: 16 x 375.902 us = 6014.44 us (85686.1 GFLOPS/s)
MUL_MAT q6_K m=6144 n=512 k=5120: 48 x 347.855 us = 16697 us (92593.5 GFLOPS/s)
MUL_MAT q8_0 m=5120 n=512 k=6144: 48 x 378.744 us = 18179.7 us (85043.2 GFLOPS/s)
MUL_MAT_VEC q6_K m=248320 n=1 k=5120: 1 x 1680.92 us = 1680.92 us (1512.59 GFLOPS/s)
Q6K_MUL_MAT_MUL_MAT_SWIGLU MUL_MAT q6_K m=17408 n=512 k=5120: 64 x 1842.29 us = 117907 us (49535.6 GFLOPS/s)
RMS_NORM_MUL RMS_NORM(256,24,512,1): 16 x 74.595 us = 1193.52 us
RMS_NORM_MUL RMS_NORM(256,4,512,1): 16 x 16.262 us = 260.2 us
RMS_NORM_MUL RMS_NORM(5120,512,1,1): 1 x 137.52 us = 137.52 us
RMS_NORM_MUL_SILU_MUL RMS_NORM(128,48,512,1): 48 x 53.017 us = 2544.84 us
RMS_NORM_SCALE RMS_NORM(128,16,512,1): 96 x 12.358 us = 1186.44 us
ROPE: 16 x 40.947 us = 655.16 us
ROPE_VIEW_SET_ROWS ROPE: 16 x 12.26 us = 196.16 us
SCALE: 96 x 8.776 us = 842.56 us
SET_ROWS: 16 x 12.295 us = 196.72 us
SIGMOID: 48 x 5.344 us = 256.52 us
SIGMOID_MUL SIGMOID: 16 x 46.58 us = 745.28 us
SOFTPLUS_MUL SOFTPLUS: 48 x 6.735 us = 323.32 us
SSM_CONV_SILU SSM_CONV: 48 x 54.42 us = 2612.2 us
Total time: 310555 us.
----------------
Vulkan Timings:
ADD: 48 x 5.384 us = 258.44 us
ADD_RMS_NORM_MUL ADD: 128 x 48.5 us = 6208 us
CONCAT: 48 x 47.37 us = 2273.8 us
CONT: 16 x 44.387 us = 710.2 us
CPY: 96 x 7.838 us = 752.48 us
FLASH_ATTN_EXT dst(256,24,512,1),  q(256,512,24,1),  k(256,512,4,1),  v(256,512,4,1),  m(512,512,1,1): 16 x 186.247 us = 2979.96 us (34590.8 GFLOPS/s)
GATED_DELTA_NET: 48 x 315.44 us = 15141.1 us
GET_ROWS: 97 x 7.876 us = 764.04 us
MUL_MAT f32 m=48 n=512 k=5120: 96 x 39.717 us = 3812.88 us (6335.59 GFLOPS/s)
MUL_MAT q6_K m=1024 n=512 k=5120: 32 x 80.977 us = 2591.28 us (66292.3 GFLOPS/s)
MUL_MAT q6_K m=10240 n=512 k=5120: 48 x 592.165 us = 28423.9 us (90653.5 GFLOPS/s)
MUL_MAT q6_K m=12288 n=512 k=5120: 16 x 678.612 us = 10857.8 us (94926.4 GFLOPS/s)
MUL_MAT q6_K m=5120 n=512 k=17408: 64 x 1021.33 us = 65365.2 us (89359.3 GFLOPS/s)
MUL_MAT q6_K m=5120 n=512 k=6144: 16 x 376.917 us = 6030.68 us (85455.4 GFLOPS/s)
MUL_MAT q6_K m=6144 n=512 k=5120: 48 x 343.917 us = 16508 us (93653.6 GFLOPS/s)
MUL_MAT q8_0 m=5120 n=512 k=6144: 48 x 382.805 us = 18374.7 us (84140.9 GFLOPS/s)
MUL_MAT_VEC q6_K m=248320 n=1 k=5120: 1 x 1678.88 us = 1678.88 us (1514.43 GFLOPS/s)
Q6K_MUL_MAT_MUL_MAT_SWIGLU MUL_MAT q6_K m=17408 n=512 k=5120: 64 x 1834.26 us = 117393 us (49752.6 GFLOPS/s)
RMS_NORM_MUL RMS_NORM(256,24,512,1): 16 x 74.52 us = 1192.32 us
RMS_NORM_MUL RMS_NORM(256,4,512,1): 16 x 16.225 us = 259.6 us
RMS_NORM_MUL RMS_NORM(5120,512,1,1): 1 x 146.6 us = 146.6 us
RMS_NORM_MUL_SILU_MUL RMS_NORM(128,48,512,1): 48 x 48.382 us = 2322.36 us
RMS_NORM_SCALE RMS_NORM(128,16,512,1): 96 x 12.408 us = 1191.2 us
ROPE: 16 x 40.882 us = 654.12 us
ROPE_VIEW_SET_ROWS ROPE: 16 x 12.295 us = 196.72 us
SCALE: 96 x 9.543 us = 916.2 us
SET_ROWS: 16 x 12.3 us = 196.8 us
SIGMOID: 48 x 5.361 us = 257.36 us
SIGMOID_MUL SIGMOID: 16 x 46.68 us = 746.88 us
SOFTPLUS_MUL SOFTPLUS: 48 x 6.682 us = 320.76 us
SSM_CONV_SILU SSM_CONV: 48 x 60.584 us = 2908.04 us
Total time: 311433 us.
----------------
Vulkan Timings:
ADD: 48 x 5.316 us = 255.2 us
ADD_RMS_NORM_MUL ADD: 128 x 48.585 us = 6218.96 us
CONCAT: 48 x 41.744 us = 2003.72 us
CONT: 16 x 44.727 us = 715.64 us
CPY: 96 x 7.633 us = 732.8 us
FLASH_ATTN_EXT dst(256,24,512,1),  q(256,512,24,1),  k(256,512,4,1),  v(256,512,4,1),  m(512,512,1,1): 16 x 185.692 us = 2971.08 us (34694.2 GFLOPS/s)
GATED_DELTA_NET: 48 x 311.954 us = 14973.8 us
GET_ROWS: 97 x 7.389 us = 716.8 us
MUL_MAT f32 m=48 n=512 k=5120: 96 x 33.448 us = 3211.08 us (7522.96 GFLOPS/s)
MUL_MAT q6_K m=1024 n=512 k=5120: 32 x 80.798 us = 2585.56 us (66439 GFLOPS/s)
MUL_MAT q6_K m=10240 n=512 k=5120: 48 x 599.249 us = 28764 us (89581.8 GFLOPS/s)
MUL_MAT q6_K m=12288 n=512 k=5120: 16 x 678.052 us = 10848.8 us (95004.8 GFLOPS/s)
MUL_MAT q6_K m=5120 n=512 k=17408: 64 x 1023.1 us = 65478.4 us (89204.7 GFLOPS/s)
MUL_MAT q6_K m=5120 n=512 k=6144: 16 x 375.81 us = 6012.96 us (85707.2 GFLOPS/s)
MUL_MAT q6_K m=6144 n=512 k=5120: 48 x 348.913 us = 16747.8 us (92312.6 GFLOPS/s)
MUL_MAT q8_0 m=5120 n=512 k=6144: 48 x 379.393 us = 18210.9 us (84897.7 GFLOPS/s)
MUL_MAT_VEC q6_K m=248320 n=1 k=5120: 1 x 1678.32 us = 1678.32 us (1514.94 GFLOPS/s)
Q6K_MUL_MAT_MUL_MAT_SWIGLU MUL_MAT q6_K m=17408 n=512 k=5120: 64 x 1836.13 us = 117512 us (49701.8 GFLOPS/s)
RMS_NORM_MUL RMS_NORM(256,24,512,1): 16 x 74.712 us = 1195.4 us
RMS_NORM_MUL RMS_NORM(256,4,512,1): 16 x 16.225 us = 259.6 us
RMS_NORM_MUL RMS_NORM(5120,512,1,1): 1 x 143.48 us = 143.48 us
RMS_NORM_MUL_SILU_MUL RMS_NORM(128,48,512,1): 48 x 52.986 us = 2543.36 us
RMS_NORM_SCALE RMS_NORM(128,16,512,1): 96 x 12.365 us = 1187.08 us
ROPE: 16 x 40.935 us = 654.96 us
ROPE_VIEW_SET_ROWS ROPE: 16 x 12.312 us = 197 us
SCALE: 96 x 8.765 us = 841.44 us
SET_ROWS: 16 x 12.315 us = 197.04 us
SIGMOID: 48 x 5.61 us = 269.32 us
SIGMOID_MUL SIGMOID: 16 x 46.687 us = 747 us
SOFTPLUS_MUL SOFTPLUS: 48 x 6.606 us = 317.12 us
SSM_CONV_SILU SSM_CONV: 48 x 54.57 us = 2619.36 us
Total time: 310811 us.
----------------
Vulkan Timings:
ADD: 48 x 5.425 us = 260.44 us
ADD_RMS_NORM_MUL ADD: 128 x 48.639 us = 6225.88 us
CONCAT: 48 x 41.788 us = 2005.84 us
CONT: 16 x 44.79 us = 716.64 us
CPY: 96 x 7.602 us = 729.84 us
FLASH_ATTN_EXT dst(256,24,512,1),  q(256,512,24,1),  k(256,512,4,1),  v(256,512,4,1),  m(512,512,1,1): 16 x 185.62 us = 2969.92 us (34707.7 GFLOPS/s)
GATED_DELTA_NET: 48 x 312.425 us = 14996.4 us
GET_ROWS: 97 x 7.385 us = 716.4 us
MUL_MAT f32 m=48 n=512 k=5120: 96 x 33.557 us = 3221.52 us (7498.58 GFLOPS/s)
MUL_MAT q6_K m=1024 n=512 k=5120: 32 x 80.59 us = 2578.88 us (66611.1 GFLOPS/s)
MUL_MAT q6_K m=10240 n=512 k=5120: 48 x 595.739 us = 28595.5 us (90109.7 GFLOPS/s)
MUL_MAT q6_K m=12288 n=512 k=5120: 16 x 674.626 us = 10794 us (95487.3 GFLOPS/s)
MUL_MAT q6_K m=5120 n=512 k=17408: 64 x 1015.57 us = 64996.6 us (89866.1 GFLOPS/s)
MUL_MAT q6_K m=5120 n=512 k=6144: 16 x 375.965 us = 6015.44 us (85671.9 GFLOPS/s)
MUL_MAT q6_K m=6144 n=512 k=5120: 48 x 353.783 us = 16981.6 us (91041.9 GFLOPS/s)
MUL_MAT q8_0 m=5120 n=512 k=6144: 48 x 379.608 us = 18221.2 us (84849.6 GFLOPS/s)
MUL_MAT_VEC q6_K m=248320 n=1 k=5120: 1 x 1678.64 us = 1678.64 us (1514.65 GFLOPS/s)
Q6K_MUL_MAT_MUL_MAT_SWIGLU MUL_MAT q6_K m=17408 n=512 k=5120: 64 x 1842.12 us = 117896 us (49540.2 GFLOPS/s)
RMS_NORM_MUL RMS_NORM(256,24,512,1): 16 x 74.747 us = 1195.96 us
RMS_NORM_MUL RMS_NORM(256,4,512,1): 16 x 16.252 us = 260.04 us
RMS_NORM_MUL RMS_NORM(5120,512,1,1): 1 x 146.8 us = 146.8 us
RMS_NORM_MUL_SILU_MUL RMS_NORM(128,48,512,1): 48 x 47.999 us = 2303.96 us
RMS_NORM_SCALE RMS_NORM(128,16,512,1): 96 x 12.372 us = 1187.8 us
ROPE: 16 x 41.027 us = 656.44 us
ROPE_VIEW_SET_ROWS ROPE: 16 x 12.282 us = 196.52 us
SCALE: 96 x 8.754 us = 840.44 us
SET_ROWS: 16 x 12.332 us = 197.32 us
SIGMOID: 48 x 5.345 us = 256.56 us
SIGMOID_MUL SIGMOID: 16 x 46.705 us = 747.28 us
SOFTPLUS_MUL SOFTPLUS: 48 x 6.67 us = 320.16 us
SSM_CONV_SILU SSM_CONV: 48 x 54.54 us = 2617.92 us
Total time: 310528 us.
