WARNING: radv is not a conformant Vulkan implementation, testing use only.
WARNING: radv is not a conformant Vulkan implementation, testing use only.
ggml_vulkan: Found 2 Vulkan devices:
ggml_vulkan: 0 = AMD Radeon RX 9060 XT (RADV GFX1200) (radv) | arch: RDNA4 | uma: 0 | fp16: 1 | bf16: 1 | fp4: 0 | warp size: 64 | shared memory: 65536 | int dot: 1 | matrix cores: KHR_coopmat
ggml_vulkan: 1 = AMD Radeon AI PRO R9700 (RADV GFX1201) (radv) | arch: RDNA4 | uma: 0 | fp16: 1 | bf16: 1 | fp4: 0 | warp size: 64 | shared memory: 65536 | int dot: 1 | matrix cores: KHR_coopmat
----------------
Vulkan Timings:
ADD: 48 x 5.325 us = 255.6 us
ADD_RMS_NORM_MUL ADD: 128 x 48.626 us = 6224.13 us
CONCAT: 48 x 48.749 us = 2339.96 us
CONT: 16 x 46.432 us = 742.92 us
CPY: 96 x 7.612 us = 730.76 us
FLASH_ATTN_EXT dst(256,24,512,1),  q(256,512,24,1),  k(256,512,4,1),  v(256,512,4,1),  m(512,512,1,1): 16 x 193.352 us = 3093.64 us (33319.7 GFLOPS/s)
GATED_DELTA_NET: 48 x 311.763 us = 14964.6 us
GET_ROWS: 97 x 7.598 us = 737.08 us
MUL_MAT f32 m=48 n=512 k=5120: 96 x 54.42 us = 5224.35 us (4623.89 GFLOPS/s)
MUL_MAT q6_K m=1024 n=512 k=5120: 32 x 82.715 us = 2646.88 us (64899.8 GFLOPS/s)
MUL_MAT q6_K m=10240 n=512 k=5120: 48 x 641.766 us = 30804.8 us (83647 GFLOPS/s)
MUL_MAT q6_K m=12288 n=512 k=5120: 16 x 691.577 us = 11065.2 us (93146.8 GFLOPS/s)
MUL_MAT q6_K m=5120 n=512 k=17408: 64 x 1033.55 us = 66147.5 us (88302.5 GFLOPS/s)
MUL_MAT q6_K m=5120 n=512 k=6144: 16 x 383.832 us = 6141.32 us (83915.9 GFLOPS/s)
MUL_MAT q6_K m=6144 n=512 k=5120: 48 x 345.443 us = 16581.3 us (93239.9 GFLOPS/s)
MUL_MAT q8_0 m=5120 n=512 k=6144: 48 x 395.155 us = 18967.5 us (81511.3 GFLOPS/s)
MUL_MAT_VEC q6_K m=248320 n=1 k=5120: 1 x 1680.24 us = 1680.24 us (1513.21 GFLOPS/s)
Q6K_MUL_MAT_MUL_MAT_SWIGLU MUL_MAT q6_K m=17408 n=512 k=5120: 64 x 1859.58 us = 119013 us (49075.2 GFLOPS/s)
RMS_NORM_MUL RMS_NORM(256,24,512,1): 16 x 77.3 us = 1236.8 us
RMS_NORM_MUL RMS_NORM(256,4,512,1): 16 x 16.837 us = 269.4 us
RMS_NORM_MUL RMS_NORM(5120,512,1,1): 1 x 350.48 us = 350.48 us
RMS_NORM_MUL_SILU_MUL RMS_NORM(128,48,512,1): 48 x 48.091 us = 2308.4 us
RMS_NORM_SCALE RMS_NORM(128,16,512,1): 96 x 12.259 us = 1176.92 us
ROPE: 16 x 42.06 us = 672.96 us
ROPE_VIEW_SET_ROWS ROPE: 16 x 12.65 us = 202.4 us
SCALE: 96 x 11.426 us = 1096.96 us
SET_ROWS: 16 x 12.755 us = 204.08 us
SIGMOID: 48 x 5.36 us = 257.32 us
SIGMOID_MUL SIGMOID: 16 x 48.542 us = 776.68 us
SOFTPLUS_MUL SOFTPLUS: 48 x 6.634 us = 318.44 us
SSM_CONV_SILU SSM_CONV: 48 x 54.968 us = 2638.48 us
Total time: 318870 us.
----------------
Vulkan Timings:
ADD: 48 x 5.373 us = 257.92 us
ADD_RMS_NORM_MUL ADD: 128 x 48.435 us = 6199.8 us
CONCAT: 48 x 40.49 us = 1943.52 us
CONT: 16 x 47.082 us = 753.32 us
CPY: 96 x 7.63 us = 732.52 us
FLASH_ATTN_EXT dst(256,24,512,1),  q(256,512,24,1),  k(256,512,4,1),  v(256,512,4,1),  m(512,512,1,1): 16 x 197.992 us = 3167.88 us (32538.9 GFLOPS/s)
GATED_DELTA_NET: 48 x 310.249 us = 14892 us
GET_ROWS: 97 x 7.389 us = 716.8 us
MUL_MAT f32 m=48 n=512 k=5120: 96 x 33.007 us = 3168.68 us (7623.63 GFLOPS/s)
MUL_MAT q6_K m=1024 n=512 k=5120: 32 x 83.36 us = 2667.52 us (64397.6 GFLOPS/s)
MUL_MAT q6_K m=10240 n=512 k=5120: 48 x 579.324 us = 27807.6 us (92662.9 GFLOPS/s)
MUL_MAT q6_K m=12288 n=512 k=5120: 16 x 696.965 us = 11151.4 us (92426.8 GFLOPS/s)
MUL_MAT q6_K m=5120 n=512 k=17408: 64 x 1037.96 us = 66429.2 us (87928 GFLOPS/s)
MUL_MAT q6_K m=5120 n=512 k=6144: 16 x 382.522 us = 6120.36 us (84203.2 GFLOPS/s)
MUL_MAT q6_K m=6144 n=512 k=5120: 48 x 343.53 us = 16489.4 us (93759.2 GFLOPS/s)
MUL_MAT q8_0 m=5120 n=512 k=6144: 48 x 376.746 us = 18083.8 us (85494.1 GFLOPS/s)
MUL_MAT_VEC q6_K m=248320 n=1 k=5120: 1 x 1681.52 us = 1681.52 us (1512.05 GFLOPS/s)
Q6K_MUL_MAT_MUL_MAT_SWIGLU MUL_MAT q6_K m=17408 n=512 k=5120: 64 x 1873.01 us = 119872 us (48723.4 GFLOPS/s)
RMS_NORM_MUL RMS_NORM(256,24,512,1): 16 x 78.64 us = 1258.24 us
RMS_NORM_MUL RMS_NORM(256,4,512,1): 16 x 17.145 us = 274.32 us
RMS_NORM_MUL RMS_NORM(5120,512,1,1): 1 x 21.92 us = 21.92 us
RMS_NORM_MUL_SILU_MUL RMS_NORM(128,48,512,1): 48 x 47.874 us = 2297.96 us
RMS_NORM_SCALE RMS_NORM(128,16,512,1): 96 x 12.317 us = 1182.48 us
ROPE: 16 x 42.722 us = 683.56 us
ROPE_VIEW_SET_ROWS ROPE: 16 x 12.812 us = 205 us
SCALE: 96 x 8.612 us = 826.8 us
SET_ROWS: 16 x 12.997 us = 207.96 us
SIGMOID: 48 x 5.498 us = 263.92 us
SIGMOID_MUL SIGMOID: 16 x 49.352 us = 789.64 us
SOFTPLUS_MUL SOFTPLUS: 48 x 6.915 us = 331.92 us
SSM_CONV_SILU SSM_CONV: 48 x 53.935 us = 2588.92 us
Total time: 313068 us.
----------------
Vulkan Timings:
ADD: 48 x 5.38 us = 258.28 us
ADD_RMS_NORM_MUL ADD: 128 x 48.465 us = 6203.56 us
CONCAT: 48 x 40.568 us = 1947.28 us
CONT: 16 x 46.85 us = 749.6 us
CPY: 96 x 7.595 us = 729.16 us
FLASH_ATTN_EXT dst(256,24,512,1),  q(256,512,24,1),  k(256,512,4,1),  v(256,512,4,1),  m(512,512,1,1): 16 x 197.022 us = 3152.36 us (32699.1 GFLOPS/s)
GATED_DELTA_NET: 48 x 311.07 us = 14931.4 us
GET_ROWS: 97 x 7.393 us = 717.16 us
MUL_MAT f32 m=48 n=512 k=5120: 96 x 33.138 us = 3181.32 us (7593.34 GFLOPS/s)
MUL_MAT q6_K m=1024 n=512 k=5120: 32 x 83.182 us = 2661.84 us (64535 GFLOPS/s)
MUL_MAT q6_K m=10240 n=512 k=5120: 48 x 582.078 us = 27939.8 us (92224.4 GFLOPS/s)
MUL_MAT q6_K m=12288 n=512 k=5120: 16 x 693.155 us = 11090.5 us (92934.8 GFLOPS/s)
MUL_MAT q6_K m=5120 n=512 k=17408: 64 x 1041.74 us = 66671.4 us (87608.6 GFLOPS/s)
MUL_MAT q6_K m=5120 n=512 k=6144: 16 x 383.732 us = 6139.72 us (83937.7 GFLOPS/s)
MUL_MAT q6_K m=6144 n=512 k=5120: 48 x 343.871 us = 16505.8 us (93666.1 GFLOPS/s)
MUL_MAT q8_0 m=5120 n=512 k=6144: 48 x 376.336 us = 18064.2 us (85587.3 GFLOPS/s)
MUL_MAT_VEC q6_K m=248320 n=1 k=5120: 1 x 1678.6 us = 1678.6 us (1514.68 GFLOPS/s)
Q6K_MUL_MAT_MUL_MAT_SWIGLU MUL_MAT q6_K m=17408 n=512 k=5120: 64 x 1884.35 us = 120598 us (48430 GFLOPS/s)
RMS_NORM_MUL RMS_NORM(256,24,512,1): 16 x 78.607 us = 1257.72 us
RMS_NORM_MUL RMS_NORM(256,4,512,1): 16 x 17.137 us = 274.2 us
RMS_NORM_MUL RMS_NORM(5120,512,1,1): 1 x 21.88 us = 21.88 us
RMS_NORM_MUL_SILU_MUL RMS_NORM(128,48,512,1): 48 x 47.858 us = 2297.2 us
RMS_NORM_SCALE RMS_NORM(128,16,512,1): 96 x 12.294 us = 1180.24 us
ROPE: 16 x 42.732 us = 683.72 us
ROPE_VIEW_SET_ROWS ROPE: 16 x 12.78 us = 204.48 us
SCALE: 96 x 8.642 us = 829.64 us
SET_ROWS: 16 x 13.007 us = 208.12 us
SIGMOID: 48 x 5.566 us = 267.2 us
SIGMOID_MUL SIGMOID: 16 x 49.42 us = 790.72 us
SOFTPLUS_MUL SOFTPLUS: 48 x 6.925 us = 332.4 us
SSM_CONV_SILU SSM_CONV: 48 x 54.017 us = 2592.84 us
Total time: 314161 us.
----------------
Vulkan Timings:
ADD: 48 x 5.386 us = 258.56 us
ADD_RMS_NORM_MUL ADD: 128 x 48.436 us = 6199.92 us
CONCAT: 48 x 40.64 us = 1950.76 us
CONT: 16 x 47.067 us = 753.08 us
CPY: 96 x 7.605 us = 730.12 us
FLASH_ATTN_EXT dst(256,24,512,1),  q(256,512,24,1),  k(256,512,4,1),  v(256,512,4,1),  m(512,512,1,1): 16 x 197.762 us = 3164.2 us (32576.7 GFLOPS/s)
GATED_DELTA_NET: 48 x 311.412 us = 14947.8 us
GET_ROWS: 97 x 7.376 us = 715.48 us
MUL_MAT f32 m=48 n=512 k=5120: 96 x 33.19 us = 3186.28 us (7581.52 GFLOPS/s)
MUL_MAT q6_K m=1024 n=512 k=5120: 32 x 83.248 us = 2663.96 us (64483.7 GFLOPS/s)
MUL_MAT q6_K m=10240 n=512 k=5120: 48 x 582.941 us = 27981.2 us (92087.9 GFLOPS/s)
MUL_MAT q6_K m=12288 n=512 k=5120: 16 x 702.85 us = 11245.6 us (91652.9 GFLOPS/s)
MUL_MAT q6_K m=5120 n=512 k=17408: 64 x 1044.33 us = 66836.9 us (87391.7 GFLOPS/s)
MUL_MAT q6_K m=5120 n=512 k=6144: 16 x 382.175 us = 6114.8 us (84279.8 GFLOPS/s)
MUL_MAT q6_K m=6144 n=512 k=5120: 48 x 344.553 us = 16538.6 us (93480.8 GFLOPS/s)
MUL_MAT q8_0 m=5120 n=512 k=6144: 48 x 376.773 us = 18085.1 us (85488.1 GFLOPS/s)
MUL_MAT_VEC q6_K m=248320 n=1 k=5120: 1 x 1676.6 us = 1676.6 us (1516.49 GFLOPS/s)
Q6K_MUL_MAT_MUL_MAT_SWIGLU MUL_MAT q6_K m=17408 n=512 k=5120: 64 x 1878.31 us = 120212 us (48585.7 GFLOPS/s)
RMS_NORM_MUL RMS_NORM(256,24,512,1): 16 x 78.575 us = 1257.2 us
RMS_NORM_MUL RMS_NORM(256,4,512,1): 16 x 17.14 us = 274.24 us
RMS_NORM_MUL RMS_NORM(5120,512,1,1): 1 x 21.56 us = 21.56 us
RMS_NORM_MUL_SILU_MUL RMS_NORM(128,48,512,1): 48 x 47.941 us = 2301.2 us
RMS_NORM_SCALE RMS_NORM(128,16,512,1): 96 x 12.323 us = 1183.04 us
ROPE: 16 x 42.795 us = 684.72 us
ROPE_VIEW_SET_ROWS ROPE: 16 x 12.815 us = 205.04 us
SCALE: 96 x 8.643 us = 829.8 us
SET_ROWS: 16 x 12.995 us = 207.92 us
SIGMOID: 48 x 5.5 us = 264.04 us
SIGMOID_MUL SIGMOID: 16 x 49.402 us = 790.44 us
SOFTPLUS_MUL SOFTPLUS: 48 x 6.93 us = 332.64 us
SSM_CONV_SILU SSM_CONV: 48 x 54.054 us = 2594.6 us
Total time: 314207 us.
----------------
Vulkan Timings:
ADD: 48 x 5.365 us = 257.56 us
ADD_RMS_NORM_MUL ADD: 128 x 48.48 us = 6205.52 us
CONCAT: 48 x 40.542 us = 1946.04 us
CONT: 16 x 47.007 us = 752.12 us
CPY: 96 x 7.557 us = 725.48 us
FLASH_ATTN_EXT dst(256,24,512,1),  q(256,512,24,1),  k(256,512,4,1),  v(256,512,4,1),  m(512,512,1,1): 16 x 197.59 us = 3161.44 us (32605.1 GFLOPS/s)
GATED_DELTA_NET: 48 x 310.144 us = 14886.9 us
GET_ROWS: 97 x 7.371 us = 715.08 us
MUL_MAT f32 m=48 n=512 k=5120: 96 x 33.053 us = 3173.16 us (7612.86 GFLOPS/s)
MUL_MAT q6_K m=1024 n=512 k=5120: 32 x 83.246 us = 2663.88 us (64485.6 GFLOPS/s)
MUL_MAT q6_K m=10240 n=512 k=5120: 48 x 584.044 us = 28034.1 us (91914 GFLOPS/s)
MUL_MAT q6_K m=12288 n=512 k=5120: 16 x 697.167 us = 11154.7 us (92399.9 GFLOPS/s)
MUL_MAT q6_K m=5120 n=512 k=17408: 64 x 1045.98 us = 66942.8 us (87253.4 GFLOPS/s)
MUL_MAT q6_K m=5120 n=512 k=6144: 16 x 384.375 us = 6150 us (83797.4 GFLOPS/s)
MUL_MAT q6_K m=6144 n=512 k=5120: 48 x 345.735 us = 16595.3 us (93161 GFLOPS/s)
MUL_MAT q8_0 m=5120 n=512 k=6144: 48 x 376.808 us = 18086.8 us (85480.2 GFLOPS/s)
MUL_MAT_VEC q6_K m=248320 n=1 k=5120: 1 x 1678.72 us = 1678.72 us (1514.58 GFLOPS/s)
Q6K_MUL_MAT_MUL_MAT_SWIGLU MUL_MAT q6_K m=17408 n=512 k=5120: 64 x 1886.59 us = 120742 us (48372.5 GFLOPS/s)
RMS_NORM_MUL RMS_NORM(256,24,512,1): 16 x 78.602 us = 1257.64 us
RMS_NORM_MUL RMS_NORM(256,4,512,1): 16 x 17.13 us = 274.08 us
RMS_NORM_MUL RMS_NORM(5120,512,1,1): 1 x 21.64 us = 21.64 us
RMS_NORM_MUL_SILU_MUL RMS_NORM(128,48,512,1): 48 x 47.845 us = 2296.6 us
RMS_NORM_SCALE RMS_NORM(128,16,512,1): 96 x 12.302 us = 1181.08 us
ROPE: 16 x 42.7 us = 683.2 us
ROPE_VIEW_SET_ROWS ROPE: 16 x 12.795 us = 204.72 us
SCALE: 96 x 8.614 us = 827 us
SET_ROWS: 16 x 13.002 us = 208.04 us
SIGMOID: 48 x 5.683 us = 272.8 us
SIGMOID_MUL SIGMOID: 16 x 49.377 us = 790.04 us
SOFTPLUS_MUL SOFTPLUS: 48 x 6.913 us = 331.84 us
SSM_CONV_SILU SSM_CONV: 48 x 53.982 us = 2591.16 us
Total time: 314811 us.
