WARNING: radv is not a conformant Vulkan implementation, testing use only.
WARNING: radv is not a conformant Vulkan implementation, testing use only.
ggml_vulkan: Found 2 Vulkan devices:
ggml_vulkan: 0 = AMD Radeon RX 9060 XT (RADV GFX1200) (radv) | arch: RDNA4 | uma: 0 | fp16: 1 | bf16: 1 | fp4: 0 | warp size: 64 | shared memory: 65536 | int dot: 1 | matrix cores: KHR_coopmat
ggml_vulkan: 1 = AMD Radeon AI PRO R9700 (RADV GFX1201) (radv) | arch: RDNA4 | uma: 0 | fp16: 1 | bf16: 1 | fp4: 0 | warp size: 64 | shared memory: 65536 | int dot: 1 | matrix cores: KHR_coopmat
----------------
Vulkan Timings:
ADD: 48 x 5.29 us = 253.96 us
ADD_RMS_NORM_MUL ADD: 128 x 48.491 us = 6206.96 us
CONCAT: 48 x 41.765 us = 2004.72 us
CONT: 16 x 45.44 us = 727.04 us
CPY: 96 x 7.575 us = 727.24 us
FLASH_ATTN_EXT dst(256,24,512,1),  q(256,512,24,1),  k(256,512,4,1),  v(256,512,4,1),  m(512,512,1,1): 16 x 191.52 us = 3064.32 us (33638.5 GFLOPS/s)
GATED_DELTA_NET: 48 x 315.911 us = 15163.8 us
GET_ROWS: 97 x 7.388 us = 716.64 us
MUL_MAT f32 m=48 n=512 k=5120: 96 x 73.149 us = 7022.37 us (3439.98 GFLOPS/s)
MUL_MAT q6_K m=1024 n=512 k=5120: 32 x 82.49 us = 2639.68 us (65076.8 GFLOPS/s)
MUL_MAT q6_K m=10240 n=512 k=5120: 48 x 657.2 us = 31545.6 us (81682.6 GFLOPS/s)
MUL_MAT q6_K m=12288 n=512 k=5120: 16 x 690.455 us = 11047.3 us (93298.2 GFLOPS/s)
MUL_MAT q6_K m=5120 n=512 k=17408: 64 x 1036.88 us = 66360.1 us (88019.6 GFLOPS/s)
MUL_MAT q6_K m=5120 n=512 k=6144: 16 x 378.342 us = 6053.48 us (85133.5 GFLOPS/s)
MUL_MAT q6_K m=6144 n=512 k=5120: 48 x 349.624 us = 16782 us (92125 GFLOPS/s)
MUL_MAT q8_0 m=5120 n=512 k=6144: 48 x 404.418 us = 19412.1 us (79644.4 GFLOPS/s)
MUL_MAT_VEC q6_K m=248320 n=1 k=5120: 1 x 1679.52 us = 1679.52 us (1513.85 GFLOPS/s)
Q6K_MUL_MAT_MUL_MAT_SWIGLU MUL_MAT q6_K m=17408 n=512 k=5120: 64 x 1849.76 us = 118385 us (49335.6 GFLOPS/s)
RMS_NORM_MUL RMS_NORM(256,24,512,1): 16 x 76.317 us = 1221.08 us
RMS_NORM_MUL RMS_NORM(256,4,512,1): 16 x 16.64 us = 266.24 us
RMS_NORM_MUL RMS_NORM(5120,512,1,1): 1 x 360.68 us = 360.68 us
RMS_NORM_MUL_SILU_MUL RMS_NORM(128,48,512,1): 48 x 48.292 us = 2318.04 us
RMS_NORM_SCALE RMS_NORM(128,16,512,1): 96 x 12.404 us = 1190.8 us
ROPE: 16 x 41.675 us = 666.8 us
ROPE_VIEW_SET_ROWS ROPE: 16 x 12.487 us = 199.8 us
SCALE: 96 x 8.85 us = 849.64 us
SET_ROWS: 16 x 12.597 us = 201.56 us
SIGMOID: 48 x 5.609 us = 269.24 us
SIGMOID_MUL SIGMOID: 16 x 47.772 us = 764.36 us
SOFTPLUS_MUL SOFTPLUS: 48 x 6.518 us = 312.88 us
SSM_CONV_SILU SSM_CONV: 48 x 54.77 us = 2628.96 us
Total time: 321042 us.
----------------
Vulkan Timings:
ADD: 48 x 5.365 us = 257.56 us
ADD_RMS_NORM_MUL ADD: 128 x 48.427 us = 6198.72 us
CONCAT: 48 x 40.613 us = 1949.44 us
CONT: 16 x 46.98 us = 751.68 us
CPY: 96 x 7.587 us = 728.36 us
FLASH_ATTN_EXT dst(256,24,512,1),  q(256,512,24,1),  k(256,512,4,1),  v(256,512,4,1),  m(512,512,1,1): 16 x 196.117 us = 3137.88 us (32850 GFLOPS/s)
GATED_DELTA_NET: 48 x 310.815 us = 14919.1 us
GET_ROWS: 97 x 7.38 us = 715.92 us
MUL_MAT f32 m=48 n=512 k=5120: 96 x 33.115 us = 3179.04 us (7598.78 GFLOPS/s)
MUL_MAT q6_K m=1024 n=512 k=5120: 32 x 82.998 us = 2655.96 us (64677.9 GFLOPS/s)
MUL_MAT q6_K m=10240 n=512 k=5120: 48 x 579.226 us = 27802.9 us (92678.5 GFLOPS/s)
MUL_MAT q6_K m=12288 n=512 k=5120: 16 x 693.382 us = 11094.1 us (92904.3 GFLOPS/s)
MUL_MAT q6_K m=5120 n=512 k=17408: 64 x 1036.5 us = 66335.9 us (88051.7 GFLOPS/s)
MUL_MAT q6_K m=5120 n=512 k=6144: 16 x 379.715 us = 6075.44 us (84825.8 GFLOPS/s)
MUL_MAT q6_K m=6144 n=512 k=5120: 48 x 343.91 us = 16507.7 us (93655.4 GFLOPS/s)
MUL_MAT q8_0 m=5120 n=512 k=6144: 48 x 375.958 us = 18046 us (85673.4 GFLOPS/s)
MUL_MAT_VEC q6_K m=248320 n=1 k=5120: 1 x 1676.68 us = 1676.68 us (1516.42 GFLOPS/s)
Q6K_MUL_MAT_MUL_MAT_SWIGLU MUL_MAT q6_K m=17408 n=512 k=5120: 64 x 1865.42 us = 119387 us (48921.4 GFLOPS/s)
RMS_NORM_MUL RMS_NORM(256,24,512,1): 16 x 78.507 us = 1256.12 us
RMS_NORM_MUL RMS_NORM(256,4,512,1): 16 x 17.092 us = 273.48 us
RMS_NORM_MUL RMS_NORM(5120,512,1,1): 1 x 21.68 us = 21.68 us
RMS_NORM_MUL_SILU_MUL RMS_NORM(128,48,512,1): 48 x 47.86 us = 2297.32 us
RMS_NORM_SCALE RMS_NORM(128,16,512,1): 96 x 12.292 us = 1180.12 us
ROPE: 16 x 42.715 us = 683.44 us
ROPE_VIEW_SET_ROWS ROPE: 16 x 12.792 us = 204.68 us
SCALE: 96 x 8.628 us = 828.32 us
SET_ROWS: 16 x 12.995 us = 207.92 us
SIGMOID: 48 x 5.629 us = 270.2 us
SIGMOID_MUL SIGMOID: 16 x 49.315 us = 789.04 us
SOFTPLUS_MUL SOFTPLUS: 48 x 6.924 us = 332.36 us
SSM_CONV_SILU SSM_CONV: 48 x 53.913 us = 2587.84 us
Total time: 312352 us.
----------------
Vulkan Timings:
ADD: 48 x 5.366 us = 257.6 us
ADD_RMS_NORM_MUL ADD: 128 x 48.453 us = 6202.04 us
CONCAT: 48 x 40.369 us = 1937.72 us
CONT: 16 x 47.072 us = 753.16 us
CPY: 96 x 7.592 us = 728.84 us
FLASH_ATTN_EXT dst(256,24,512,1),  q(256,512,24,1),  k(256,512,4,1),  v(256,512,4,1),  m(512,512,1,1): 16 x 197.66 us = 3162.56 us (32593.6 GFLOPS/s)
GATED_DELTA_NET: 48 x 310.765 us = 14916.7 us
GET_ROWS: 97 x 7.368 us = 714.72 us
MUL_MAT f32 m=48 n=512 k=5120: 96 x 33.002 us = 3168.28 us (7624.59 GFLOPS/s)
MUL_MAT q6_K m=1024 n=512 k=5120: 32 x 83.02 us = 2656.64 us (64661.3 GFLOPS/s)
MUL_MAT q6_K m=10240 n=512 k=5120: 48 x 578.094 us = 27748.5 us (92860 GFLOPS/s)
MUL_MAT q6_K m=12288 n=512 k=5120: 16 x 693.1 us = 11089.6 us (92942.2 GFLOPS/s)
MUL_MAT q6_K m=5120 n=512 k=17408: 64 x 1038.19 us = 66444.4 us (87907.8 GFLOPS/s)
MUL_MAT q6_K m=5120 n=512 k=6144: 16 x 381.11 us = 6097.76 us (84515.3 GFLOPS/s)
MUL_MAT q6_K m=6144 n=512 k=5120: 48 x 342.619 us = 16445.7 us (94008.5 GFLOPS/s)
MUL_MAT q8_0 m=5120 n=512 k=6144: 48 x 375.713 us = 18034.2 us (85729.3 GFLOPS/s)
MUL_MAT_VEC q6_K m=248320 n=1 k=5120: 1 x 1679.32 us = 1679.32 us (1514.03 GFLOPS/s)
Q6K_MUL_MAT_MUL_MAT_SWIGLU MUL_MAT q6_K m=17408 n=512 k=5120: 64 x 1875.28 us = 120018 us (48664.2 GFLOPS/s)
RMS_NORM_MUL RMS_NORM(256,24,512,1): 16 x 78.445 us = 1255.12 us
RMS_NORM_MUL RMS_NORM(256,4,512,1): 16 x 17.112 us = 273.8 us
RMS_NORM_MUL RMS_NORM(5120,512,1,1): 1 x 21.96 us = 21.96 us
RMS_NORM_MUL_SILU_MUL RMS_NORM(128,48,512,1): 48 x 47.844 us = 2296.52 us
RMS_NORM_SCALE RMS_NORM(128,16,512,1): 96 x 12.282 us = 1179.12 us
ROPE: 16 x 42.62 us = 681.92 us
ROPE_VIEW_SET_ROWS ROPE: 16 x 12.775 us = 204.4 us
SCALE: 96 x 8.608 us = 826.44 us
SET_ROWS: 16 x 12.982 us = 207.72 us
SIGMOID: 48 x 5.565 us = 267.16 us
SIGMOID_MUL SIGMOID: 16 x 49.232 us = 787.72 us
SOFTPLUS_MUL SOFTPLUS: 48 x 6.912 us = 331.8 us
SSM_CONV_SILU SSM_CONV: 48 x 53.919 us = 2588.12 us
Total time: 312978 us.
----------------
Vulkan Timings:
ADD: 48 x 5.336 us = 256.16 us
ADD_RMS_NORM_MUL ADD: 128 x 48.447 us = 6201.28 us
CONCAT: 48 x 40.425 us = 1940.44 us
CONT: 16 x 46.902 us = 750.44 us
CPY: 96 x 7.568 us = 726.6 us
FLASH_ATTN_EXT dst(256,24,512,1),  q(256,512,24,1),  k(256,512,4,1),  v(256,512,4,1),  m(512,512,1,1): 16 x 195.572 us = 3129.16 us (32941.5 GFLOPS/s)
GATED_DELTA_NET: 48 x 310.559 us = 14906.8 us
GET_ROWS: 97 x 7.356 us = 713.6 us
MUL_MAT f32 m=48 n=512 k=5120: 96 x 33.069 us = 3174.68 us (7609.22 GFLOPS/s)
MUL_MAT q6_K m=1024 n=512 k=5120: 32 x 82.776 us = 2648.84 us (64851.8 GFLOPS/s)
MUL_MAT q6_K m=10240 n=512 k=5120: 48 x 579.32 us = 27807.4 us (92663.6 GFLOPS/s)
MUL_MAT q6_K m=12288 n=512 k=5120: 16 x 692.127 us = 11074 us (93072.8 GFLOPS/s)
MUL_MAT q6_K m=5120 n=512 k=17408: 64 x 1040.92 us = 66618.9 us (87677.6 GFLOPS/s)
MUL_MAT q6_K m=5120 n=512 k=6144: 16 x 381.005 us = 6096.08 us (84538.6 GFLOPS/s)
MUL_MAT q6_K m=6144 n=512 k=5120: 48 x 342.672 us = 16448.3 us (93993.9 GFLOPS/s)
MUL_MAT q8_0 m=5120 n=512 k=6144: 48 x 375.995 us = 18047.8 us (85664.9 GFLOPS/s)
MUL_MAT_VEC q6_K m=248320 n=1 k=5120: 1 x 1679.12 us = 1679.12 us (1514.21 GFLOPS/s)
Q6K_MUL_MAT_MUL_MAT_SWIGLU MUL_MAT q6_K m=17408 n=512 k=5120: 64 x 1864.91 us = 119354 us (48934.9 GFLOPS/s)
RMS_NORM_MUL RMS_NORM(256,24,512,1): 16 x 78.127 us = 1250.04 us
RMS_NORM_MUL RMS_NORM(256,4,512,1): 16 x 17.065 us = 273.04 us
RMS_NORM_MUL RMS_NORM(5120,512,1,1): 1 x 21.88 us = 21.88 us
RMS_NORM_MUL_SILU_MUL RMS_NORM(128,48,512,1): 48 x 47.731 us = 2291.12 us
RMS_NORM_SCALE RMS_NORM(128,16,512,1): 96 x 12.314 us = 1182.2 us
ROPE: 16 x 42.495 us = 679.92 us
ROPE_VIEW_SET_ROWS ROPE: 16 x 12.807 us = 204.92 us
SCALE: 96 x 8.606 us = 826.24 us
SET_ROWS: 16 x 12.92 us = 206.72 us
SIGMOID: 48 x 5.491 us = 263.6 us
SIGMOID_MUL SIGMOID: 16 x 49.04 us = 784.64 us
SOFTPLUS_MUL SOFTPLUS: 48 x 6.895 us = 331 us
SSM_CONV_SILU SSM_CONV: 48 x 53.808 us = 2582.8 us
Total time: 312472 us.
----------------
Vulkan Timings:
ADD: 48 x 5.387 us = 258.6 us
ADD_RMS_NORM_MUL ADD: 128 x 48.484 us = 6206.04 us
CONCAT: 48 x 40.601 us = 1948.88 us
CONT: 16 x 47.132 us = 754.12 us
CPY: 96 x 7.587 us = 728.4 us
FLASH_ATTN_EXT dst(256,24,512,1),  q(256,512,24,1),  k(256,512,4,1),  v(256,512,4,1),  m(512,512,1,1): 16 x 196.57 us = 3145.12 us (32774.3 GFLOPS/s)
GATED_DELTA_NET: 48 x 310.989 us = 14927.5 us
GET_ROWS: 97 x 7.408 us = 718.6 us
MUL_MAT f32 m=48 n=512 k=5120: 96 x 33.021 us = 3170.08 us (7620.26 GFLOPS/s)
MUL_MAT q6_K m=1024 n=512 k=5120: 32 x 83.162 us = 2661.2 us (64550.5 GFLOPS/s)
MUL_MAT q6_K m=10240 n=512 k=5120: 48 x 581.716 us = 27922.4 us (92281.8 GFLOPS/s)
MUL_MAT q6_K m=12288 n=512 k=5120: 16 x 695.11 us = 11121.8 us (92673.4 GFLOPS/s)
MUL_MAT q6_K m=5120 n=512 k=17408: 64 x 1035.29 us = 66258.6 us (88154.5 GFLOPS/s)
MUL_MAT q6_K m=5120 n=512 k=6144: 16 x 383.02 us = 6128.32 us (84093.9 GFLOPS/s)
MUL_MAT q6_K m=6144 n=512 k=5120: 48 x 344.266 us = 16524.8 us (93558.6 GFLOPS/s)
MUL_MAT q8_0 m=5120 n=512 k=6144: 48 x 377.245 us = 18107.8 us (85381.2 GFLOPS/s)
MUL_MAT_VEC q6_K m=248320 n=1 k=5120: 1 x 1677.88 us = 1677.88 us (1515.33 GFLOPS/s)
Q6K_MUL_MAT_MUL_MAT_SWIGLU MUL_MAT q6_K m=17408 n=512 k=5120: 64 x 1872.09 us = 119814 us (48747.2 GFLOPS/s)
RMS_NORM_MUL RMS_NORM(256,24,512,1): 16 x 78.685 us = 1258.96 us
RMS_NORM_MUL RMS_NORM(256,4,512,1): 16 x 17.14 us = 274.24 us
RMS_NORM_MUL RMS_NORM(5120,512,1,1): 1 x 21.6 us = 21.6 us
RMS_NORM_MUL_SILU_MUL RMS_NORM(128,48,512,1): 48 x 47.951 us = 2301.68 us
RMS_NORM_SCALE RMS_NORM(128,16,512,1): 96 x 12.316 us = 1182.36 us
ROPE: 16 x 42.792 us = 684.68 us
ROPE_VIEW_SET_ROWS ROPE: 16 x 12.832 us = 205.32 us
SCALE: 96 x 8.645 us = 829.96 us
SET_ROWS: 16 x 13.027 us = 208.44 us
SIGMOID: 48 x 5.505 us = 264.24 us
SIGMOID_MUL SIGMOID: 16 x 49.435 us = 790.96 us
SOFTPLUS_MUL SOFTPLUS: 48 x 6.93 us = 332.68 us
SSM_CONV_SILU SSM_CONV: 48 x 53.992 us = 2591.64 us
Total time: 313020 us.
