WARNING: radv is not a conformant Vulkan implementation, testing use only.
WARNING: radv is not a conformant Vulkan implementation, testing use only.
ggml_vulkan: Found 2 Vulkan devices:
ggml_vulkan: 0 = AMD Radeon RX 9060 XT (RADV GFX1200) (radv) | arch: RDNA4 | uma: 0 | fp16: 1 | bf16: 1 | fp4: 0 | warp size: 64 | shared memory: 65536 | int dot: 1 | matrix cores: KHR_coopmat
ggml_vulkan: 1 = AMD Radeon AI PRO R9700 (RADV GFX1201) (radv) | arch: RDNA4 | uma: 0 | fp16: 1 | bf16: 1 | fp4: 0 | warp size: 64 | shared memory: 65536 | int dot: 1 | matrix cores: KHR_coopmat
----------------
Vulkan Timings:
ADD: 48 x 5.204 us = 249.8 us
ADD_RMS_NORM_MUL ADD: 128 x 48.677 us = 6230.68 us
CONCAT: 48 x 42.034 us = 2017.64 us
CONT: 16 x 44.63 us = 714.08 us
CPY: 96 x 7.598 us = 729.48 us
FLASH_ATTN_EXT dst(256,24,512,1),  q(256,512,24,1),  k(256,512,4,1),  v(256,512,4,1),  m(512,512,1,1): 16 x 188.745 us = 3019.92 us (34133.1 GFLOPS/s)
GATED_DELTA_NET: 48 x 315.625 us = 15150 us
GET_ROWS: 97 x 7.383 us = 716.2 us
MUL_MAT f32 m=48 n=512 k=5120: 96 x 54.214 us = 5204.6 us (4641.44 GFLOPS/s)
MUL_MAT q6_K m=1024 n=512 k=5120: 32 x 80.895 us = 2588.64 us (66359.9 GFLOPS/s)
MUL_MAT q6_K m=10240 n=512 k=5120: 48 x 645.052 us = 30962.5 us (83220.9 GFLOPS/s)
MUL_MAT q6_K m=12288 n=512 k=5120: 16 x 677.82 us = 10845.1 us (95037.4 GFLOPS/s)
MUL_MAT q6_K m=5120 n=512 k=17408: 64 x 1029.11 us = 65863.1 us (88683.8 GFLOPS/s)
MUL_MAT q6_K m=5120 n=512 k=6144: 16 x 374.472 us = 5991.56 us (86013.3 GFLOPS/s)
MUL_MAT q6_K m=6144 n=512 k=5120: 48 x 349.149 us = 16759.2 us (92250.3 GFLOPS/s)
MUL_MAT q8_0 m=5120 n=512 k=6144: 48 x 395.744 us = 18995.7 us (81390 GFLOPS/s)
MUL_MAT_VEC q6_K m=248320 n=1 k=5120: 1 x 1678.92 us = 1678.92 us (1514.4 GFLOPS/s)
Q6K_MUL_MAT_MUL_MAT_SWIGLU MUL_MAT q6_K m=17408 n=512 k=5120: 64 x 1845.79 us = 118130 us (49441.9 GFLOPS/s)
RMS_NORM_MUL RMS_NORM(256,24,512,1): 16 x 75.242 us = 1203.88 us
RMS_NORM_MUL RMS_NORM(256,4,512,1): 16 x 16.42 us = 262.72 us
RMS_NORM_MUL RMS_NORM(5120,512,1,1): 1 x 353.2 us = 353.2 us
RMS_NORM_MUL_SILU_MUL RMS_NORM(128,48,512,1): 48 x 48.305 us = 2318.64 us
RMS_NORM_SCALE RMS_NORM(128,16,512,1): 96 x 12.365 us = 1187.04 us
ROPE: 16 x 41.14 us = 658.24 us
ROPE_VIEW_SET_ROWS ROPE: 16 x 12.362 us = 197.8 us
SCALE: 96 x 8.857 us = 850.36 us
SET_ROWS: 16 x 12.402 us = 198.44 us
SIGMOID: 48 x 9.791 us = 470 us
SIGMOID_MUL SIGMOID: 16 x 47.057 us = 752.92 us
SOFTPLUS_MUL SOFTPLUS: 48 x 6.559 us = 314.84 us
SSM_CONV_SILU SSM_CONV: 48 x 55.087 us = 2644.2 us
Total time: 317260 us.
----------------
Vulkan Timings:
ADD: 48 x 5.34 us = 256.32 us
ADD_RMS_NORM_MUL ADD: 128 x 48.452 us = 6201.92 us
CONCAT: 48 x 40.547 us = 1946.28 us
CONT: 16 x 46.96 us = 751.36 us
CPY: 96 x 7.589 us = 728.56 us
FLASH_ATTN_EXT dst(256,24,512,1),  q(256,512,24,1),  k(256,512,4,1),  v(256,512,4,1),  m(512,512,1,1): 16 x 197.18 us = 3154.88 us (32672.9 GFLOPS/s)
GATED_DELTA_NET: 48 x 310.295 us = 14894.2 us
GET_ROWS: 97 x 7.368 us = 714.72 us
MUL_MAT f32 m=48 n=512 k=5120: 96 x 32.981 us = 3166.24 us (7629.5 GFLOPS/s)
MUL_MAT q6_K m=1024 n=512 k=5120: 32 x 83.111 us = 2659.56 us (64590.4 GFLOPS/s)
MUL_MAT q6_K m=10240 n=512 k=5120: 48 x 577.49 us = 27719.6 us (92957.1 GFLOPS/s)
MUL_MAT q6_K m=12288 n=512 k=5120: 16 x 693.715 us = 11099.4 us (92859.8 GFLOPS/s)
MUL_MAT q6_K m=5120 n=512 k=17408: 64 x 1034.7 us = 66220.9 us (88204.6 GFLOPS/s)
MUL_MAT q6_K m=5120 n=512 k=6144: 16 x 381.71 us = 6107.36 us (84382.5 GFLOPS/s)
MUL_MAT q6_K m=6144 n=512 k=5120: 48 x 342.055 us = 16418.7 us (94163.3 GFLOPS/s)
MUL_MAT q8_0 m=5120 n=512 k=6144: 48 x 375.436 us = 18021 us (85792.5 GFLOPS/s)
MUL_MAT_VEC q6_K m=248320 n=1 k=5120: 1 x 1679.28 us = 1679.28 us (1514.07 GFLOPS/s)
Q6K_MUL_MAT_MUL_MAT_SWIGLU MUL_MAT q6_K m=17408 n=512 k=5120: 64 x 1863.79 us = 119282 us (48964.4 GFLOPS/s)
RMS_NORM_MUL RMS_NORM(256,24,512,1): 16 x 78.362 us = 1253.8 us
RMS_NORM_MUL RMS_NORM(256,4,512,1): 16 x 17.077 us = 273.24 us
RMS_NORM_MUL RMS_NORM(5120,512,1,1): 1 x 21.28 us = 21.28 us
RMS_NORM_MUL_SILU_MUL RMS_NORM(128,48,512,1): 48 x 47.805 us = 2294.68 us
RMS_NORM_SCALE RMS_NORM(128,16,512,1): 96 x 12.271 us = 1178.08 us
ROPE: 16 x 42.582 us = 681.32 us
ROPE_VIEW_SET_ROWS ROPE: 16 x 12.78 us = 204.48 us
SCALE: 96 x 8.603 us = 825.96 us
SET_ROWS: 16 x 12.982 us = 207.72 us
SIGMOID: 48 x 5.533 us = 265.6 us
SIGMOID_MUL SIGMOID: 16 x 49.257 us = 788.12 us
SOFTPLUS_MUL SOFTPLUS: 48 x 7.005 us = 336.24 us
SSM_CONV_SILU SSM_CONV: 48 x 53.867 us = 2585.64 us
Total time: 311939 us.
----------------
Vulkan Timings:
ADD: 48 x 5.35 us = 256.84 us
ADD_RMS_NORM_MUL ADD: 128 x 48.501 us = 6208.24 us
CONCAT: 48 x 40.382 us = 1938.36 us
CONT: 16 x 46.882 us = 750.12 us
CPY: 96 x 7.574 us = 727.12 us
FLASH_ATTN_EXT dst(256,24,512,1),  q(256,512,24,1),  k(256,512,4,1),  v(256,512,4,1),  m(512,512,1,1): 16 x 197.197 us = 3155.16 us (32670 GFLOPS/s)
GATED_DELTA_NET: 48 x 309.82 us = 14871.4 us
GET_ROWS: 97 x 7.392 us = 717.08 us
MUL_MAT f32 m=48 n=512 k=5120: 96 x 33.223 us = 3189.44 us (7574 GFLOPS/s)
MUL_MAT q6_K m=1024 n=512 k=5120: 32 x 83.09 us = 2658.88 us (64606.9 GFLOPS/s)
MUL_MAT q6_K m=10240 n=512 k=5120: 48 x 578.535 us = 27769.7 us (92789.3 GFLOPS/s)
MUL_MAT q6_K m=12288 n=512 k=5120: 16 x 697.807 us = 11164.9 us (92315.2 GFLOPS/s)
MUL_MAT q6_K m=5120 n=512 k=17408: 64 x 1036.79 us = 66354.3 us (88027.2 GFLOPS/s)
MUL_MAT q6_K m=5120 n=512 k=6144: 16 x 381.867 us = 6109.88 us (84347.7 GFLOPS/s)
MUL_MAT q6_K m=6144 n=512 k=5120: 48 x 342.445 us = 16437.4 us (94056.3 GFLOPS/s)
MUL_MAT q8_0 m=5120 n=512 k=6144: 48 x 375.702 us = 18033.7 us (85731.8 GFLOPS/s)
MUL_MAT_VEC q6_K m=248320 n=1 k=5120: 1 x 1678.92 us = 1678.92 us (1514.4 GFLOPS/s)
Q6K_MUL_MAT_MUL_MAT_SWIGLU MUL_MAT q6_K m=17408 n=512 k=5120: 64 x 1865.12 us = 119368 us (48929.4 GFLOPS/s)
RMS_NORM_MUL RMS_NORM(256,24,512,1): 16 x 78.445 us = 1255.12 us
RMS_NORM_MUL RMS_NORM(256,4,512,1): 16 x 17.117 us = 273.88 us
RMS_NORM_MUL RMS_NORM(5120,512,1,1): 1 x 21.72 us = 21.72 us
RMS_NORM_MUL_SILU_MUL RMS_NORM(128,48,512,1): 48 x 47.777 us = 2293.32 us
RMS_NORM_SCALE RMS_NORM(128,16,512,1): 96 x 12.285 us = 1179.44 us
ROPE: 16 x 42.987 us = 687.8 us
ROPE_VIEW_SET_ROWS ROPE: 16 x 12.755 us = 204.08 us
SCALE: 96 x 8.63 us = 828.48 us
SET_ROWS: 16 x 12.967 us = 207.48 us
SIGMOID: 48 x 5.475 us = 262.84 us
SIGMOID_MUL SIGMOID: 16 x 49.272 us = 788.36 us
SOFTPLUS_MUL SOFTPLUS: 48 x 6.909 us = 331.64 us
SSM_CONV_SILU SSM_CONV: 48 x 53.868 us = 2585.68 us
Total time: 312309 us.
----------------
Vulkan Timings:
ADD: 48 x 5.362 us = 257.4 us
ADD_RMS_NORM_MUL ADD: 128 x 48.462 us = 6203.2 us
CONCAT: 48 x 40.537 us = 1945.8 us
CONT: 16 x 46.935 us = 750.96 us
CPY: 96 x 7.587 us = 728.44 us
FLASH_ATTN_EXT dst(256,24,512,1),  q(256,512,24,1),  k(256,512,4,1),  v(256,512,4,1),  m(512,512,1,1): 16 x 196.577 us = 3145.24 us (32773.1 GFLOPS/s)
GATED_DELTA_NET: 48 x 310.715 us = 14914.4 us
GET_ROWS: 97 x 7.392 us = 717.08 us
MUL_MAT f32 m=48 n=512 k=5120: 96 x 33.087 us = 3176.36 us (7605.19 GFLOPS/s)
MUL_MAT q6_K m=1024 n=512 k=5120: 32 x 83.093 us = 2659 us (64604 GFLOPS/s)
MUL_MAT q6_K m=10240 n=512 k=5120: 48 x 577.075 us = 27699.6 us (93024 GFLOPS/s)
MUL_MAT q6_K m=12288 n=512 k=5120: 16 x 695.735 us = 11131.8 us (92590.2 GFLOPS/s)
MUL_MAT q6_K m=5120 n=512 k=17408: 64 x 1037.01 us = 66368.8 us (88008.1 GFLOPS/s)
MUL_MAT q6_K m=5120 n=512 k=6144: 16 x 381.625 us = 6106 us (84401.3 GFLOPS/s)
MUL_MAT q6_K m=6144 n=512 k=5120: 48 x 342.781 us = 16453.5 us (93963.9 GFLOPS/s)
MUL_MAT q8_0 m=5120 n=512 k=6144: 48 x 375.447 us = 18021.5 us (85790 GFLOPS/s)
MUL_MAT_VEC q6_K m=248320 n=1 k=5120: 1 x 1678.6 us = 1678.6 us (1514.68 GFLOPS/s)
Q6K_MUL_MAT_MUL_MAT_SWIGLU MUL_MAT q6_K m=17408 n=512 k=5120: 64 x 1867.63 us = 119528 us (48863.6 GFLOPS/s)
RMS_NORM_MUL RMS_NORM(256,24,512,1): 16 x 78.422 us = 1254.76 us
RMS_NORM_MUL RMS_NORM(256,4,512,1): 16 x 17.105 us = 273.68 us
RMS_NORM_MUL RMS_NORM(5120,512,1,1): 1 x 21.52 us = 21.52 us
RMS_NORM_MUL_SILU_MUL RMS_NORM(128,48,512,1): 48 x 47.781 us = 2293.52 us
RMS_NORM_SCALE RMS_NORM(128,16,512,1): 96 x 12.268 us = 1177.8 us
ROPE: 16 x 42.66 us = 682.56 us
ROPE_VIEW_SET_ROWS ROPE: 16 x 12.8 us = 204.8 us
SCALE: 96 x 8.609 us = 826.52 us
SET_ROWS: 16 x 12.965 us = 207.44 us
SIGMOID: 48 x 5.432 us = 260.76 us
SIGMOID_MUL SIGMOID: 16 x 49.212 us = 787.4 us
SOFTPLUS_MUL SOFTPLUS: 48 x 6.91 us = 331.68 us
SSM_CONV_SILU SSM_CONV: 48 x 53.892 us = 2586.84 us
Total time: 312395 us.
----------------
Vulkan Timings:
ADD: 48 x 5.379 us = 258.2 us
ADD_RMS_NORM_MUL ADD: 128 x 48.506 us = 6208.88 us
CONCAT: 48 x 40.484 us = 1943.24 us
CONT: 16 x 47.115 us = 753.84 us
CPY: 96 x 7.596 us = 729.28 us
FLASH_ATTN_EXT dst(256,24,512,1),  q(256,512,24,1),  k(256,512,4,1),  v(256,512,4,1),  m(512,512,1,1): 16 x 196.455 us = 3143.28 us (32793.5 GFLOPS/s)
GATED_DELTA_NET: 48 x 310.523 us = 14905.1 us
GET_ROWS: 97 x 7.378 us = 715.76 us
MUL_MAT f32 m=48 n=512 k=5120: 96 x 32.91 us = 3159.4 us (7646.02 GFLOPS/s)
MUL_MAT q6_K m=1024 n=512 k=5120: 32 x 83.09 us = 2658.88 us (64606.9 GFLOPS/s)
MUL_MAT q6_K m=10240 n=512 k=5120: 48 x 578.657 us = 27775.6 us (92769.6 GFLOPS/s)
MUL_MAT q6_K m=12288 n=512 k=5120: 16 x 695.76 us = 11132.2 us (92586.8 GFLOPS/s)
MUL_MAT q6_K m=5120 n=512 k=17408: 64 x 1037.73 us = 66414.5 us (87947.5 GFLOPS/s)
MUL_MAT q6_K m=5120 n=512 k=6144: 16 x 381.645 us = 6106.32 us (84396.8 GFLOPS/s)
MUL_MAT q6_K m=6144 n=512 k=5120: 48 x 343.145 us = 16471 us (93864.4 GFLOPS/s)
MUL_MAT q8_0 m=5120 n=512 k=6144: 48 x 376.107 us = 18053.2 us (85639.4 GFLOPS/s)
MUL_MAT_VEC q6_K m=248320 n=1 k=5120: 1 x 1678.72 us = 1678.72 us (1514.58 GFLOPS/s)
Q6K_MUL_MAT_MUL_MAT_SWIGLU MUL_MAT q6_K m=17408 n=512 k=5120: 64 x 1867.1 us = 119495 us (48877.4 GFLOPS/s)
RMS_NORM_MUL RMS_NORM(256,24,512,1): 16 x 78.635 us = 1258.16 us
RMS_NORM_MUL RMS_NORM(256,4,512,1): 16 x 17.135 us = 274.16 us
RMS_NORM_MUL RMS_NORM(5120,512,1,1): 1 x 21.6 us = 21.6 us
RMS_NORM_MUL_SILU_MUL RMS_NORM(128,48,512,1): 48 x 47.86 us = 2297.28 us
RMS_NORM_SCALE RMS_NORM(128,16,512,1): 96 x 12.288 us = 1179.68 us
ROPE: 16 x 42.672 us = 682.76 us
ROPE_VIEW_SET_ROWS ROPE: 16 x 12.817 us = 205.08 us
SCALE: 96 x 8.638 us = 829.32 us
SET_ROWS: 16 x 13.015 us = 208.24 us
SIGMOID: 48 x 5.431 us = 260.72 us
SIGMOID_MUL SIGMOID: 16 x 49.412 us = 790.6 us
SOFTPLUS_MUL SOFTPLUS: 48 x 6.914 us = 331.88 us
SSM_CONV_SILU SSM_CONV: 48 x 53.935 us = 2588.88 us
Total time: 312530 us.
