WARNING: radv is not a conformant Vulkan implementation, testing use only.
WARNING: radv is not a conformant Vulkan implementation, testing use only.
ggml_vulkan: Found 2 Vulkan devices:
ggml_vulkan: 0 = AMD Radeon RX 9060 XT (RADV GFX1200) (radv) | arch: RDNA4 | uma: 0 | fp16: 1 | bf16: 1 | fp4: 0 | warp size: 64 | shared memory: 65536 | int dot: 1 | matrix cores: KHR_coopmat
ggml_vulkan: 1 = AMD Radeon AI PRO R9700 (RADV GFX1201) (radv) | arch: RDNA4 | uma: 0 | fp16: 1 | bf16: 1 | fp4: 0 | warp size: 64 | shared memory: 65536 | int dot: 1 | matrix cores: KHR_coopmat
----------------
Vulkan Timings:
ADD: 48 x 5.277 us = 253.32 us
ADD_RMS_NORM_MUL ADD: 128 x 48.705 us = 6234.32 us
CONCAT: 48 x 48.888 us = 2346.64 us
CONT: 16 x 45.152 us = 722.44 us
CPY: 96 x 7.579 us = 727.6 us
FLASH_ATTN_EXT dst(256,24,512,1),  q(256,512,24,1),  k(256,512,4,1),  v(256,512,4,1),  m(512,512,1,1): 16 x 187.847 us = 3005.56 us (34296.2 GFLOPS/s)
GATED_DELTA_NET: 48 x 315.861 us = 15161.4 us
GET_ROWS: 97 x 7.55 us = 732.4 us
MUL_MAT f32 m=48 n=512 k=5120: 96 x 69.644 us = 6685.85 us (3613.13 GFLOPS/s)
MUL_MAT q6_K m=1024 n=512 k=5120: 32 x 82.245 us = 2631.84 us (65270.7 GFLOPS/s)
MUL_MAT q6_K m=10240 n=512 k=5120: 48 x 673.705 us = 32337.8 us (79681.5 GFLOPS/s)
MUL_MAT q6_K m=12288 n=512 k=5120: 16 x 685.637 us = 10970.2 us (93953.8 GFLOPS/s)
MUL_MAT q6_K m=5120 n=512 k=17408: 64 x 1039.37 us = 66519.6 us (87808.5 GFLOPS/s)
MUL_MAT q6_K m=5120 n=512 k=6144: 16 x 375.735 us = 6011.76 us (85724.3 GFLOPS/s)
MUL_MAT q6_K m=6144 n=512 k=5120: 48 x 351.13 us = 16854.3 us (91729.7 GFLOPS/s)
MUL_MAT q8_0 m=5120 n=512 k=6144: 48 x 418.407 us = 20083.6 us (76981.5 GFLOPS/s)
MUL_MAT_VEC q6_K m=248320 n=1 k=5120: 1 x 1678.84 us = 1678.84 us (1514.47 GFLOPS/s)
Q6K_MUL_MAT_MUL_MAT_SWIGLU MUL_MAT q6_K m=17408 n=512 k=5120: 64 x 1864.66 us = 119338 us (48941.4 GFLOPS/s)
RMS_NORM_MUL RMS_NORM(256,24,512,1): 16 x 75.605 us = 1209.68 us
RMS_NORM_MUL RMS_NORM(256,4,512,1): 16 x 16.49 us = 263.84 us
RMS_NORM_MUL RMS_NORM(5120,512,1,1): 1 x 351.48 us = 351.48 us
RMS_NORM_MUL_SILU_MUL RMS_NORM(128,48,512,1): 48 x 48.385 us = 2322.48 us
RMS_NORM_SCALE RMS_NORM(128,16,512,1): 96 x 12.387 us = 1189.24 us
ROPE: 16 x 41.32 us = 661.12 us
ROPE_VIEW_SET_ROWS ROPE: 16 x 12.425 us = 198.8 us
SCALE: 96 x 9.64 us = 925.48 us
SET_ROWS: 16 x 12.44 us = 199.04 us
SIGMOID: 48 x 5.545 us = 266.16 us
SIGMOID_MUL SIGMOID: 16 x 47.292 us = 756.68 us
SOFTPLUS_MUL SOFTPLUS: 48 x 6.481 us = 311.12 us
SSM_CONV_SILU SSM_CONV: 48 x 54.97 us = 2638.56 us
Total time: 323589 us.
----------------
Vulkan Timings:
ADD: 48 x 5.36 us = 257.32 us
ADD_RMS_NORM_MUL ADD: 128 x 48.501 us = 6208.16 us
CONCAT: 48 x 40.608 us = 1949.2 us
CONT: 16 x 47.207 us = 755.32 us
CPY: 96 x 7.595 us = 729.16 us
FLASH_ATTN_EXT dst(256,24,512,1),  q(256,512,24,1),  k(256,512,4,1),  v(256,512,4,1),  m(512,512,1,1): 16 x 197.007 us = 3152.12 us (32701.6 GFLOPS/s)
GATED_DELTA_NET: 48 x 311.497 us = 14951.9 us
GET_ROWS: 97 x 7.394 us = 717.28 us
MUL_MAT f32 m=48 n=512 k=5120: 96 x 33.192 us = 3186.52 us (7580.94 GFLOPS/s)
MUL_MAT q6_K m=1024 n=512 k=5120: 32 x 83.267 us = 2664.56 us (64469.1 GFLOPS/s)
MUL_MAT q6_K m=10240 n=512 k=5120: 48 x 577.55 us = 27722.4 us (92947.5 GFLOPS/s)
MUL_MAT q6_K m=12288 n=512 k=5120: 16 x 692.9 us = 11086.4 us (92969 GFLOPS/s)
MUL_MAT q6_K m=5120 n=512 k=17408: 64 x 1035.59 us = 66277.7 us (88129 GFLOPS/s)
MUL_MAT q6_K m=5120 n=512 k=6144: 16 x 382.72 us = 6123.52 us (84159.8 GFLOPS/s)
MUL_MAT q6_K m=6144 n=512 k=5120: 48 x 343.314 us = 16479.1 us (93818.2 GFLOPS/s)
MUL_MAT q8_0 m=5120 n=512 k=6144: 48 x 376.66 us = 18079.7 us (85513.6 GFLOPS/s)
MUL_MAT_VEC q6_K m=248320 n=1 k=5120: 1 x 1679.24 us = 1679.24 us (1514.11 GFLOPS/s)
Q6K_MUL_MAT_MUL_MAT_SWIGLU MUL_MAT q6_K m=17408 n=512 k=5120: 64 x 1868.46 us = 119582 us (48841.8 GFLOPS/s)
RMS_NORM_MUL RMS_NORM(256,24,512,1): 16 x 78.685 us = 1258.96 us
RMS_NORM_MUL RMS_NORM(256,4,512,1): 16 x 17.167 us = 274.68 us
RMS_NORM_MUL RMS_NORM(5120,512,1,1): 1 x 22.24 us = 22.24 us
RMS_NORM_MUL_SILU_MUL RMS_NORM(128,48,512,1): 48 x 47.905 us = 2299.44 us
RMS_NORM_SCALE RMS_NORM(128,16,512,1): 96 x 12.305 us = 1181.36 us
ROPE: 16 x 42.777 us = 684.44 us
ROPE_VIEW_SET_ROWS ROPE: 16 x 12.797 us = 204.76 us
SCALE: 96 x 8.634 us = 828.92 us
SET_ROWS: 16 x 13.025 us = 208.4 us
SIGMOID: 48 x 5.654 us = 271.4 us
SIGMOID_MUL SIGMOID: 16 x 49.472 us = 791.56 us
SOFTPLUS_MUL SOFTPLUS: 48 x 6.931 us = 332.72 us
SSM_CONV_SILU SSM_CONV: 48 x 53.955 us = 2589.84 us
Total time: 312550 us.
----------------
Vulkan Timings:
ADD: 48 x 5.385 us = 258.52 us
ADD_RMS_NORM_MUL ADD: 128 x 48.507 us = 6209 us
CONCAT: 48 x 40.527 us = 1945.32 us
CONT: 16 x 47.072 us = 753.16 us
CPY: 96 x 7.583 us = 728.04 us
FLASH_ATTN_EXT dst(256,24,512,1),  q(256,512,24,1),  k(256,512,4,1),  v(256,512,4,1),  m(512,512,1,1): 16 x 196.927 us = 3150.84 us (32714.8 GFLOPS/s)
GATED_DELTA_NET: 48 x 311.185 us = 14936.9 us
GET_ROWS: 97 x 7.39 us = 716.92 us
MUL_MAT f32 m=48 n=512 k=5120: 96 x 33.05 us = 3172.8 us (7613.73 GFLOPS/s)
MUL_MAT q6_K m=1024 n=512 k=5120: 32 x 83.307 us = 2665.84 us (64438.2 GFLOPS/s)
MUL_MAT q6_K m=10240 n=512 k=5120: 48 x 579.211 us = 27802.2 us (92680.9 GFLOPS/s)
MUL_MAT q6_K m=12288 n=512 k=5120: 16 x 692.62 us = 11081.9 us (93006.6 GFLOPS/s)
MUL_MAT q6_K m=5120 n=512 k=17408: 64 x 1040.57 us = 66596.2 us (87707.6 GFLOPS/s)
MUL_MAT q6_K m=5120 n=512 k=6144: 16 x 382.827 us = 6125.24 us (84136.2 GFLOPS/s)
MUL_MAT q6_K m=6144 n=512 k=5120: 48 x 343.368 us = 16481.7 us (93803.4 GFLOPS/s)
MUL_MAT q8_0 m=5120 n=512 k=6144: 48 x 375.996 us = 18047.8 us (85664.7 GFLOPS/s)
MUL_MAT_VEC q6_K m=248320 n=1 k=5120: 1 x 1680.2 us = 1680.2 us (1513.24 GFLOPS/s)
Q6K_MUL_MAT_MUL_MAT_SWIGLU MUL_MAT q6_K m=17408 n=512 k=5120: 64 x 1864.58 us = 119333 us (48943.5 GFLOPS/s)
RMS_NORM_MUL RMS_NORM(256,24,512,1): 16 x 78.607 us = 1257.72 us
RMS_NORM_MUL RMS_NORM(256,4,512,1): 16 x 17.127 us = 274.04 us
RMS_NORM_MUL RMS_NORM(5120,512,1,1): 1 x 21.72 us = 21.72 us
RMS_NORM_MUL_SILU_MUL RMS_NORM(128,48,512,1): 48 x 47.849 us = 2296.76 us
RMS_NORM_SCALE RMS_NORM(128,16,512,1): 96 x 12.3 us = 1180.88 us
ROPE: 16 x 42.712 us = 683.4 us
ROPE_VIEW_SET_ROWS ROPE: 16 x 12.797 us = 204.76 us
SCALE: 96 x 8.615 us = 827.12 us
SET_ROWS: 16 x 12.987 us = 207.8 us
SIGMOID: 48 x 5.565 us = 267.16 us
SIGMOID_MUL SIGMOID: 16 x 49.362 us = 789.8 us
SOFTPLUS_MUL SOFTPLUS: 48 x 6.928 us = 332.56 us
SSM_CONV_SILU SSM_CONV: 48 x 53.86 us = 2585.28 us
Total time: 312615 us.
----------------
Vulkan Timings:
ADD: 48 x 5.352 us = 256.92 us
ADD_RMS_NORM_MUL ADD: 128 x 48.447 us = 6201.24 us
CONCAT: 48 x 40.493 us = 1943.68 us
CONT: 16 x 47.087 us = 753.4 us
CPY: 96 x 7.587 us = 728.36 us
FLASH_ATTN_EXT dst(256,24,512,1),  q(256,512,24,1),  k(256,512,4,1),  v(256,512,4,1),  m(512,512,1,1): 16 x 195.992 us = 3135.88 us (32870.9 GFLOPS/s)
GATED_DELTA_NET: 48 x 310.729 us = 14915 us
GET_ROWS: 97 x 7.381 us = 715.96 us
MUL_MAT f32 m=48 n=512 k=5120: 96 x 33.041 us = 3171.96 us (7615.74 GFLOPS/s)
MUL_MAT q6_K m=1024 n=512 k=5120: 32 x 82.946 us = 2654.28 us (64718.8 GFLOPS/s)
MUL_MAT q6_K m=10240 n=512 k=5120: 48 x 582.3 us = 27950.4 us (92189.3 GFLOPS/s)
MUL_MAT q6_K m=12288 n=512 k=5120: 16 x 698.83 us = 11181.3 us (92180.1 GFLOPS/s)
MUL_MAT q6_K m=5120 n=512 k=17408: 64 x 1041.4 us = 66649.7 us (87637.1 GFLOPS/s)
MUL_MAT q6_K m=5120 n=512 k=6144: 16 x 382.295 us = 6116.72 us (84253.3 GFLOPS/s)
MUL_MAT q6_K m=6144 n=512 k=5120: 48 x 343.596 us = 16492.6 us (93741 GFLOPS/s)
MUL_MAT q8_0 m=5120 n=512 k=6144: 48 x 376.191 us = 18057.2 us (85620.3 GFLOPS/s)
MUL_MAT_VEC q6_K m=248320 n=1 k=5120: 1 x 1677.56 us = 1677.56 us (1515.62 GFLOPS/s)
Q6K_MUL_MAT_MUL_MAT_SWIGLU MUL_MAT q6_K m=17408 n=512 k=5120: 64 x 1877.4 us = 120154 us (48609.2 GFLOPS/s)
RMS_NORM_MUL RMS_NORM(256,24,512,1): 16 x 78.415 us = 1254.64 us
RMS_NORM_MUL RMS_NORM(256,4,512,1): 16 x 17.107 us = 273.72 us
RMS_NORM_MUL RMS_NORM(5120,512,1,1): 1 x 21.6 us = 21.6 us
RMS_NORM_MUL_SILU_MUL RMS_NORM(128,48,512,1): 48 x 47.863 us = 2297.44 us
RMS_NORM_SCALE RMS_NORM(128,16,512,1): 96 x 12.308 us = 1181.6 us
ROPE: 16 x 42.672 us = 682.76 us
ROPE_VIEW_SET_ROWS ROPE: 16 x 12.787 us = 204.6 us
SCALE: 96 x 8.628 us = 828.32 us
SET_ROWS: 16 x 12.99 us = 207.84 us
SIGMOID: 48 x 5.501 us = 264.08 us
SIGMOID_MUL SIGMOID: 16 x 49.305 us = 788.88 us
SOFTPLUS_MUL SOFTPLUS: 48 x 6.917 us = 332.04 us
SSM_CONV_SILU SSM_CONV: 48 x 53.975 us = 2590.8 us
Total time: 313684 us.
----------------
Vulkan Timings:
ADD: 48 x 5.37 us = 257.76 us
ADD_RMS_NORM_MUL ADD: 128 x 48.45 us = 6201.64 us
CONCAT: 48 x 40.524 us = 1945.16 us
CONT: 16 x 46.99 us = 751.84 us
CPY: 96 x 7.604 us = 730.04 us
FLASH_ATTN_EXT dst(256,24,512,1),  q(256,512,24,1),  k(256,512,4,1),  v(256,512,4,1),  m(512,512,1,1): 16 x 197.35 us = 3157.6 us (32644.8 GFLOPS/s)
GATED_DELTA_NET: 48 x 310.914 us = 14923.9 us
GET_ROWS: 97 x 7.399 us = 717.76 us
MUL_MAT f32 m=48 n=512 k=5120: 96 x 33.148 us = 3182.28 us (7591.05 GFLOPS/s)
MUL_MAT q6_K m=1024 n=512 k=5120: 32 x 83.238 us = 2663.64 us (64491.4 GFLOPS/s)
MUL_MAT q6_K m=10240 n=512 k=5120: 48 x 581.015 us = 27888.7 us (92393.2 GFLOPS/s)
MUL_MAT q6_K m=12288 n=512 k=5120: 16 x 695.88 us = 11134.1 us (92570.9 GFLOPS/s)
MUL_MAT q6_K m=5120 n=512 k=17408: 64 x 1043.17 us = 66763.2 us (87488.2 GFLOPS/s)
MUL_MAT q6_K m=5120 n=512 k=6144: 16 x 382.592 us = 6121.48 us (84187.8 GFLOPS/s)
MUL_MAT q6_K m=6144 n=512 k=5120: 48 x 342.881 us = 16458.3 us (93936.5 GFLOPS/s)
MUL_MAT q8_0 m=5120 n=512 k=6144: 48 x 376.359 us = 18065.2 us (85582.2 GFLOPS/s)
MUL_MAT_VEC q6_K m=248320 n=1 k=5120: 1 x 1676.36 us = 1676.36 us (1516.71 GFLOPS/s)
Q6K_MUL_MAT_MUL_MAT_SWIGLU MUL_MAT q6_K m=17408 n=512 k=5120: 64 x 1877.83 us = 120181 us (48598.2 GFLOPS/s)
RMS_NORM_MUL RMS_NORM(256,24,512,1): 16 x 78.522 us = 1256.36 us
RMS_NORM_MUL RMS_NORM(256,4,512,1): 16 x 17.14 us = 274.24 us
RMS_NORM_MUL RMS_NORM(5120,512,1,1): 1 x 21.12 us = 21.12 us
RMS_NORM_MUL_SILU_MUL RMS_NORM(128,48,512,1): 48 x 47.871 us = 2297.84 us
RMS_NORM_SCALE RMS_NORM(128,16,512,1): 96 x 12.301 us = 1180.92 us
ROPE: 16 x 42.75 us = 684 us
ROPE_VIEW_SET_ROWS ROPE: 16 x 12.865 us = 205.84 us
SCALE: 96 x 8.644 us = 829.84 us
SET_ROWS: 16 x 13 us = 208 us
SIGMOID: 48 x 5.57 us = 267.36 us
SIGMOID_MUL SIGMOID: 16 x 49.315 us = 789.04 us
SOFTPLUS_MUL SOFTPLUS: 48 x 6.93 us = 332.68 us
SSM_CONV_SILU SSM_CONV: 48 x 54.048 us = 2594.32 us
Total time: 313762 us.
