WARNING: radv is not a conformant Vulkan implementation, testing use only.
WARNING: radv is not a conformant Vulkan implementation, testing use only.
ggml_vulkan: Found 2 Vulkan devices:
ggml_vulkan: 0 = AMD Radeon RX 9060 XT (RADV GFX1200) (radv) | arch: RDNA4 | uma: 0 | fp16: 1 | bf16: 1 | fp4: 0 | warp size: 64 | shared memory: 65536 | int dot: 1 | matrix cores: KHR_coopmat
ggml_vulkan: 1 = AMD Radeon AI PRO R9700 (RADV GFX1201) (radv) | arch: RDNA4 | uma: 0 | fp16: 1 | bf16: 1 | fp4: 0 | warp size: 64 | shared memory: 65536 | int dot: 1 | matrix cores: KHR_coopmat
----------------
Vulkan Timings:
ADD: 48 x 5.262 us = 252.6 us
ADD_RMS_NORM_MUL ADD: 128 x 48.68 us = 6231.04 us
CONCAT: 48 x 41.547 us = 1994.28 us
CONT: 16 x 46.402 us = 742.44 us
CPY: 96 x 7.607 us = 730.36 us
FLASH_ATTN_EXT dst(256,24,512,1),  q(256,512,24,1),  k(256,512,4,1),  v(256,512,4,1),  m(512,512,1,1): 16 x 195.642 us = 3130.28 us (32929.7 GFLOPS/s)
GATED_DELTA_NET: 48 x 312.18 us = 14984.6 us
GET_ROWS: 97 x 7.451 us = 722.8 us
MUL_MAT f32 m=48 n=512 k=5120: 96 x 52.711 us = 5060.27 us (4773.82 GFLOPS/s)
MUL_MAT q6_K m=1024 n=512 k=5120: 32 x 83.19 us = 2662.08 us (64529.2 GFLOPS/s)
MUL_MAT q6_K m=10240 n=512 k=5120: 48 x 632.272 us = 30349.1 us (84903.1 GFLOPS/s)
MUL_MAT q6_K m=12288 n=512 k=5120: 16 x 695.732 us = 11131.7 us (92590.5 GFLOPS/s)
MUL_MAT q6_K m=5120 n=512 k=17408: 64 x 1037.21 us = 66381.5 us (87991.2 GFLOPS/s)
MUL_MAT q6_K m=5120 n=512 k=6144: 16 x 381.445 us = 6103.12 us (84441.1 GFLOPS/s)
MUL_MAT q6_K m=6144 n=512 k=5120: 48 x 348.622 us = 16733.9 us (92389.6 GFLOPS/s)
MUL_MAT q8_0 m=5120 n=512 k=6144: 48 x 395.441 us = 18981.2 us (81452.3 GFLOPS/s)
MUL_MAT_VEC q6_K m=248320 n=1 k=5120: 1 x 1677.84 us = 1677.84 us (1515.37 GFLOPS/s)
Q6K_MUL_MAT_MUL_MAT_SWIGLU MUL_MAT q6_K m=17408 n=512 k=5120: 64 x 1862.28 us = 119186 us (49004 GFLOPS/s)
RMS_NORM_MUL RMS_NORM(256,24,512,1): 16 x 77.662 us = 1242.6 us
RMS_NORM_MUL RMS_NORM(256,4,512,1): 16 x 16.915 us = 270.64 us
RMS_NORM_MUL RMS_NORM(5120,512,1,1): 1 x 357.76 us = 357.76 us
RMS_NORM_MUL_SILU_MUL RMS_NORM(128,48,512,1): 48 x 48.098 us = 2308.72 us
RMS_NORM_SCALE RMS_NORM(128,16,512,1): 96 x 12.293 us = 1180.2 us
ROPE: 16 x 42.557 us = 680.92 us
ROPE_VIEW_SET_ROWS ROPE: 16 x 12.73 us = 203.68 us
SCALE: 96 x 8.892 us = 853.64 us
SET_ROWS: 16 x 12.817 us = 205.08 us
SIGMOID: 48 x 5.225 us = 250.84 us
SIGMOID_MUL SIGMOID: 16 x 48.72 us = 779.52 us
SOFTPLUS_MUL SOFTPLUS: 48 x 6.729 us = 323 us
SSM_CONV_SILU SSM_CONV: 48 x 54.616 us = 2621.6 us
Total time: 318333 us.
----------------
Vulkan Timings:
ADD: 48 x 5.338 us = 256.24 us
ADD_RMS_NORM_MUL ADD: 128 x 48.464 us = 6203.48 us
CONCAT: 48 x 40.482 us = 1943.16 us
CONT: 16 x 46.892 us = 750.28 us
CPY: 96 x 7.571 us = 726.88 us
FLASH_ATTN_EXT dst(256,24,512,1),  q(256,512,24,1),  k(256,512,4,1),  v(256,512,4,1),  m(512,512,1,1): 16 x 197.837 us = 3165.4 us (32564.4 GFLOPS/s)
GATED_DELTA_NET: 48 x 310.432 us = 14900.8 us
GET_ROWS: 97 x 7.386 us = 716.52 us
MUL_MAT f32 m=48 n=512 k=5120: 96 x 33.182 us = 3185.52 us (7583.32 GFLOPS/s)
MUL_MAT q6_K m=1024 n=512 k=5120: 32 x 83.197 us = 2662.32 us (64523.4 GFLOPS/s)
MUL_MAT q6_K m=10240 n=512 k=5120: 48 x 579.74 us = 27827.5 us (92596.4 GFLOPS/s)
MUL_MAT q6_K m=12288 n=512 k=5120: 16 x 699.39 us = 11190.2 us (92106.3 GFLOPS/s)
MUL_MAT q6_K m=5120 n=512 k=17408: 64 x 1043.36 us = 66775.2 us (87472.4 GFLOPS/s)
MUL_MAT q6_K m=5120 n=512 k=6144: 16 x 383.082 us = 6129.32 us (84080.1 GFLOPS/s)
MUL_MAT q6_K m=6144 n=512 k=5120: 48 x 343.675 us = 16496.4 us (93719.4 GFLOPS/s)
MUL_MAT q8_0 m=5120 n=512 k=6144: 48 x 376.078 us = 18051.8 us (85646.1 GFLOPS/s)
MUL_MAT_VEC q6_K m=248320 n=1 k=5120: 1 x 1677.48 us = 1677.48 us (1515.7 GFLOPS/s)
Q6K_MUL_MAT_MUL_MAT_SWIGLU MUL_MAT q6_K m=17408 n=512 k=5120: 64 x 1876.56 us = 120100 us (48631.1 GFLOPS/s)
RMS_NORM_MUL RMS_NORM(256,24,512,1): 16 x 78.485 us = 1255.76 us
RMS_NORM_MUL RMS_NORM(256,4,512,1): 16 x 17.122 us = 273.96 us
RMS_NORM_MUL RMS_NORM(5120,512,1,1): 1 x 21.6 us = 21.6 us
RMS_NORM_MUL_SILU_MUL RMS_NORM(128,48,512,1): 48 x 47.837 us = 2296.2 us
RMS_NORM_SCALE RMS_NORM(128,16,512,1): 96 x 12.287 us = 1179.56 us
ROPE: 16 x 42.695 us = 683.12 us
ROPE_VIEW_SET_ROWS ROPE: 16 x 12.782 us = 204.52 us
SCALE: 96 x 8.62 us = 827.6 us
SET_ROWS: 16 x 12.992 us = 207.88 us
SIGMOID: 48 x 5.564 us = 267.08 us
SIGMOID_MUL SIGMOID: 16 x 49.24 us = 787.84 us
SOFTPLUS_MUL SOFTPLUS: 48 x 6.915 us = 331.96 us
SSM_CONV_SILU SSM_CONV: 48 x 53.951 us = 2589.68 us
Total time: 313685 us.
----------------
Vulkan Timings:
ADD: 48 x 5.365 us = 257.56 us
ADD_RMS_NORM_MUL ADD: 128 x 48.429 us = 6198.96 us
CONCAT: 48 x 40.523 us = 1945.12 us
CONT: 16 x 47.107 us = 753.72 us
CPY: 96 x 7.579 us = 727.64 us
FLASH_ATTN_EXT dst(256,24,512,1),  q(256,512,24,1),  k(256,512,4,1),  v(256,512,4,1),  m(512,512,1,1): 16 x 197.667 us = 3162.68 us (32592.4 GFLOPS/s)
GATED_DELTA_NET: 48 x 310.935 us = 14924.9 us
GET_ROWS: 97 x 7.383 us = 716.16 us
MUL_MAT f32 m=48 n=512 k=5120: 96 x 33.113 us = 3178.88 us (7599.16 GFLOPS/s)
MUL_MAT q6_K m=1024 n=512 k=5120: 32 x 83.121 us = 2659.88 us (64582.6 GFLOPS/s)
MUL_MAT q6_K m=10240 n=512 k=5120: 48 x 581 us = 27888 us (92395.6 GFLOPS/s)
MUL_MAT q6_K m=12288 n=512 k=5120: 16 x 695.52 us = 11128.3 us (92618.8 GFLOPS/s)
MUL_MAT q6_K m=5120 n=512 k=17408: 64 x 1040.64 us = 66600.9 us (87701.3 GFLOPS/s)
MUL_MAT q6_K m=5120 n=512 k=6144: 16 x 383.83 us = 6141.28 us (83916.4 GFLOPS/s)
MUL_MAT q6_K m=6144 n=512 k=5120: 48 x 344.737 us = 16547.4 us (93430.8 GFLOPS/s)
MUL_MAT q8_0 m=5120 n=512 k=6144: 48 x 376.805 us = 18086.7 us (85480.7 GFLOPS/s)
MUL_MAT_VEC q6_K m=248320 n=1 k=5120: 1 x 1677.52 us = 1677.52 us (1515.66 GFLOPS/s)
Q6K_MUL_MAT_MUL_MAT_SWIGLU MUL_MAT q6_K m=17408 n=512 k=5120: 64 x 1882.64 us = 120489 us (48473.9 GFLOPS/s)
RMS_NORM_MUL RMS_NORM(256,24,512,1): 16 x 78.53 us = 1256.48 us
RMS_NORM_MUL RMS_NORM(256,4,512,1): 16 x 17.117 us = 273.88 us
RMS_NORM_MUL RMS_NORM(5120,512,1,1): 1 x 21.44 us = 21.44 us
RMS_NORM_MUL_SILU_MUL RMS_NORM(128,48,512,1): 48 x 47.876 us = 2298.08 us
RMS_NORM_SCALE RMS_NORM(128,16,512,1): 96 x 12.292 us = 1180.08 us
ROPE: 16 x 42.73 us = 683.68 us
ROPE_VIEW_SET_ROWS ROPE: 16 x 12.845 us = 205.52 us
SCALE: 96 x 8.625 us = 828.08 us
SET_ROWS: 16 x 12.997 us = 207.96 us
SIGMOID: 48 x 5.72 us = 274.56 us
SIGMOID_MUL SIGMOID: 16 x 49.327 us = 789.24 us
SOFTPLUS_MUL SOFTPLUS: 48 x 6.925 us = 332.44 us
SSM_CONV_SILU SSM_CONV: 48 x 53.923 us = 2588.32 us
Total time: 314025 us.
----------------
Vulkan Timings:
ADD: 48 x 5.36 us = 257.32 us
ADD_RMS_NORM_MUL ADD: 128 x 48.47 us = 6204.24 us
CONCAT: 48 x 40.463 us = 1942.24 us
CONT: 16 x 47.01 us = 752.16 us
CPY: 96 x 7.6 us = 729.68 us
FLASH_ATTN_EXT dst(256,24,512,1),  q(256,512,24,1),  k(256,512,4,1),  v(256,512,4,1),  m(512,512,1,1): 16 x 197.052 us = 3152.84 us (32694.1 GFLOPS/s)
GATED_DELTA_NET: 48 x 311.234 us = 14939.2 us
GET_ROWS: 97 x 7.379 us = 715.84 us
MUL_MAT f32 m=48 n=512 k=5120: 96 x 33.105 us = 3178.12 us (7600.98 GFLOPS/s)
MUL_MAT q6_K m=1024 n=512 k=5120: 32 x 83.095 us = 2659.04 us (64603 GFLOPS/s)
MUL_MAT q6_K m=10240 n=512 k=5120: 48 x 582.21 us = 27946.1 us (92203.5 GFLOPS/s)
MUL_MAT q6_K m=12288 n=512 k=5120: 16 x 693.332 us = 11093.3 us (92911 GFLOPS/s)
MUL_MAT q6_K m=5120 n=512 k=17408: 64 x 1042.71 us = 66733.5 us (87527.1 GFLOPS/s)
MUL_MAT q6_K m=5120 n=512 k=6144: 16 x 381.932 us = 6110.92 us (84333.3 GFLOPS/s)
MUL_MAT q6_K m=6144 n=512 k=5120: 48 x 345.154 us = 16567.4 us (93318 GFLOPS/s)
MUL_MAT q8_0 m=5120 n=512 k=6144: 48 x 377.034 us = 18097.6 us (85429 GFLOPS/s)
MUL_MAT_VEC q6_K m=248320 n=1 k=5120: 1 x 1677.28 us = 1677.28 us (1515.88 GFLOPS/s)
Q6K_MUL_MAT_MUL_MAT_SWIGLU MUL_MAT q6_K m=17408 n=512 k=5120: 64 x 1881.18 us = 120395 us (48511.7 GFLOPS/s)
RMS_NORM_MUL RMS_NORM(256,24,512,1): 16 x 78.577 us = 1257.24 us
RMS_NORM_MUL RMS_NORM(256,4,512,1): 16 x 17.147 us = 274.36 us
RMS_NORM_MUL RMS_NORM(5120,512,1,1): 1 x 21.6 us = 21.6 us
RMS_NORM_MUL_SILU_MUL RMS_NORM(128,48,512,1): 48 x 47.94 us = 2301.12 us
RMS_NORM_SCALE RMS_NORM(128,16,512,1): 96 x 12.302 us = 1181 us
ROPE: 16 x 42.82 us = 685.12 us
ROPE_VIEW_SET_ROWS ROPE: 16 x 12.857 us = 205.72 us
SCALE: 96 x 8.624 us = 827.96 us
SET_ROWS: 16 x 13.012 us = 208.2 us
SIGMOID: 48 x 5.569 us = 267.32 us
SIGMOID_MUL SIGMOID: 16 x 49.35 us = 789.6 us
SOFTPLUS_MUL SOFTPLUS: 48 x 6.926 us = 332.48 us
SSM_CONV_SILU SSM_CONV: 48 x 53.955 us = 2589.88 us
Total time: 314094 us.
----------------
Vulkan Timings:
ADD: 48 x 5.375 us = 258.04 us
ADD_RMS_NORM_MUL ADD: 128 x 48.48 us = 6205.52 us
CONCAT: 48 x 40.445 us = 1941.36 us
CONT: 16 x 47.255 us = 756.08 us
CPY: 96 x 7.602 us = 729.84 us
FLASH_ATTN_EXT dst(256,24,512,1),  q(256,512,24,1),  k(256,512,4,1),  v(256,512,4,1),  m(512,512,1,1): 16 x 197.425 us = 3158.8 us (32632.4 GFLOPS/s)
GATED_DELTA_NET: 48 x 311.363 us = 14945.4 us
GET_ROWS: 97 x 7.402 us = 718.04 us
MUL_MAT f32 m=48 n=512 k=5120: 96 x 33.136 us = 3181.08 us (7593.91 GFLOPS/s)
MUL_MAT q6_K m=1024 n=512 k=5120: 32 x 83.268 us = 2664.6 us (64468.2 GFLOPS/s)
MUL_MAT q6_K m=10240 n=512 k=5120: 48 x 582.062 us = 27939 us (92226.9 GFLOPS/s)
MUL_MAT q6_K m=12288 n=512 k=5120: 16 x 700.677 us = 11210.8 us (91937 GFLOPS/s)
MUL_MAT q6_K m=5120 n=512 k=17408: 64 x 1041.23 us = 66638.7 us (87651.6 GFLOPS/s)
MUL_MAT q6_K m=5120 n=512 k=6144: 16 x 382.327 us = 6117.24 us (84246.2 GFLOPS/s)
MUL_MAT q6_K m=6144 n=512 k=5120: 48 x 345.267 us = 16572.8 us (93287.4 GFLOPS/s)
MUL_MAT q8_0 m=5120 n=512 k=6144: 48 x 377.049 us = 18098.4 us (85425.6 GFLOPS/s)
MUL_MAT_VEC q6_K m=248320 n=1 k=5120: 1 x 1680.28 us = 1680.28 us (1513.17 GFLOPS/s)
Q6K_MUL_MAT_MUL_MAT_SWIGLU MUL_MAT q6_K m=17408 n=512 k=5120: 64 x 1882.73 us = 120495 us (48471.8 GFLOPS/s)
RMS_NORM_MUL RMS_NORM(256,24,512,1): 16 x 78.645 us = 1258.32 us
RMS_NORM_MUL RMS_NORM(256,4,512,1): 16 x 17.13 us = 274.08 us
RMS_NORM_MUL RMS_NORM(5120,512,1,1): 1 x 21.88 us = 21.88 us
RMS_NORM_MUL_SILU_MUL RMS_NORM(128,48,512,1): 48 x 48.052 us = 2306.52 us
RMS_NORM_SCALE RMS_NORM(128,16,512,1): 96 x 12.307 us = 1181.48 us
ROPE: 16 x 42.75 us = 684 us
ROPE_VIEW_SET_ROWS ROPE: 16 x 12.902 us = 206.44 us
SCALE: 96 x 8.63 us = 828.48 us
SET_ROWS: 16 x 13.015 us = 208.24 us
SIGMOID: 48 x 5.571 us = 267.44 us
SIGMOID_MUL SIGMOID: 16 x 49.4 us = 790.4 us
SOFTPLUS_MUL SOFTPLUS: 48 x 6.935 us = 332.92 us
SSM_CONV_SILU SSM_CONV: 48 x 53.998 us = 2591.92 us
Total time: 314263 us.
